->@BEGIN MODULE : SALT:       
->@DESCRIPTION  : Track calculations from a SALOME surfacic file                          
->@CREDITS      : A. Hebert, X. Warin                                                     
->@COPYRIGHTS   : ECOLE POLYTECHNIQUE DE MONTREAL  
                  GNU LESSER GENERAL PUBLIC LICENSE
 BEGIN                                                                           
                                                                                 
           DEFINE DOMAINE                                                        
           ==============                                                        
                                                                                 
           1.main dimensions:                                                    
                                                                                 
 SEEKS => dimensions for geometry
 *typgeo  nbfold  nbnode  nbelem  nbmacro  nbflux                                
        0       0      49     112       1      49

1 SSSSS    AA   LL     TTTTTTTT ***********************************************************************************************
 SSSSSSS  AAAA  LL     TTTTTTTT ********************************************************** MULTIGROUP VERSION.  X. WARIN (2001)
 SS   SS  AAAA  LL        TT
  SS     AA  AA LL        TT
    SS   AAAAAA LL        TT
 SS   SS AAAAAA LL        TT
 SSSSSSS AA  AA LLLLLLL   TT
  SSSSS  AA  AA LLLLLLL   TT

 MULTICELL SURFACIC BOX GEO CASE                                         

 SALT: isotropic boundary conditions
 SALT: multicell surfacic tracking
 SAL100: TYPGEO=           0  NBFOLD=           0


     domain checkout:
     elements are in contact for distance <   1.0000E-04


 SAL110: after unfolding -- NB_ELEM=         112  NB_PERIM=           4

 SALMUS: TYPGEO=    0 NBFOLD=    0 NMACRO=    1

 ********** IMACRO=     1 **********

 MUSACG: number of flux in macro000001=   49
 NODE    1    2    3    4    5    6    7    8    9   10   11   12   13   14   15   16   17   18   19   20
        21   22   23   24   25   26   27   28   29   30   31   32   33   34   35   36   37   38   39   40
        41   42   43   44   45   46   47   48   49
 MERG    1    2    3   10   13   14   15    4    5    6   11   16   17   18    7    8    9   12   19   20
        21   22   23   24   25   26   27   28   29   30   31   38   41   42   43   32   33   34   39   44
        45   46   35   36   37   40   47   48   49

 MUSACG: IPAR VALUES IN MACRO GEOMETRY
 ELEM    1    2    3    4    5    6    7    8    9   10   11   12   13   14   15   16   17   18   19   20
        21   22   23   24   25   26   27   28   29   30   31   32   33   34   35   36   37   38   39   40
        41   42   43   44   45   46   47   48   49   50   51   52   53   54   55   56   57   58   59   60
        61   62   63   64   65   66   67   68   69   70   71   72   73   74   75   76   77   78   79   80
        81   82   83   84   85   86   87   88   89   90   91   92   93   94   95   96   97   98   99  100
       101  102  103  104  105  106  107  108  109  110  111  112
 TYPE    1    1    1    1    1    1    1    1    1    1    1    1    1    1    1    1    1    1    1    1
         1    1    1    1    1    1    1    1    1    1    1    1    1    1    1    1    1    1    1    1
         1    1    1    1    1    1    1    1    1    1    1    1    1    1    1    1    1    1    1    1
         1    1    1    1    1    1    1    1    1    1    1    1    1    1    1    1    1    1    1    1
         1    1    1    1    1    1    1    1    1    1    1    1    1    1    1    1    1    1    1    1
         1    1    1    1    1    1    1    1    1    1    1    1
    -    0    1    8   15    0    2    9   16    0    3   10   17    1    2    3    4    8    9   10   11
        15   16   17   18    0    4   11   18    5   12   19    0    5   12   19    0    6   13   20    0
         7   14   21    6    7    0   13   14    0   20   21    0   22   23   24   22   23   24   25   25
        26   26   27   28   27   28    0   29   36   43   30   37   44   31   38   45   29   30   31   32
        36   37   38   39   43   44   45   46   32   39   46   33   40   47   33   40   47   34   41   48
        35   42   49   34   35    0   41   42    0   48   49    0
    +    1    8   15   22    2    9   16   23    3   10   17   24    0    1    2    3    0    8    9   10
         0   15   16   17    4   11   18   25    4   11   18    5   12   19   26    6   13   20   27    7
        14   21   28    5    6    7   12   13   14   19   20   21   29   30   31    0   22   23   24   32
        25   33   34   35   26   27   28   36   43    0   37   44    0   38   45    0    0   29   30   31
         0   36   37   38    0   43   44   45   39   46    0   32   39   46   40   47    0   41   48    0
        42   49    0   33   34   35   40   41   42   47   48   49
 MUSACG: after unfolding -- NB_ELEM=         112  NB_PERIM=           4
 number of merged regions,surfaces,nodes          49          28          49
 --------------------
 VOLUME  1.924996D-01 8.000001D-02 1.022500D+00 1.924996D-01 8.000001D-02
         1.022500D+00 1.295000D+00 1.924996D-01 8.000001D-02 1.022500D+00
         1.022500D+00 7.999998D-02 1.924996D-01 1.295000D+00 1.295000D+00
         1.022500D+00 7.999998D-02 1.924996D-01 1.924996D-01 8.000001D-02
         1.022500D+00 1.295000D+00 1.022500D+00 7.999998D-02 1.924996D-01
         1.022500D+00 7.999998D-02 1.924996D-01 0.000000D+00 3.705611D-02
         1.539997D-02 1.968309D-01 1.539997D-02 6.399997D-03 8.180001D-02
         1.968309D-01 8.180001D-02 1.045507D+00 2.492870D-01 1.036000D-01
         1.324138D+00 1.968309D-01 1.539997D-02 3.705611D-02 8.180000D-02
         6.399998D-03 1.539997D-02 1.045507D+00 8.180001D-02 1.968310D-01
         2.492870D-01 1.036000D-01 1.324138D+00 1.677025D+00 1.324138D+00
         1.036000D-01 2.492870D-01 1.968309D-01 8.180000D-02 1.045507D+00
         1.539997D-02 6.399998D-03 8.180001D-02 3.705611D-02 1.539997D-02
         1.968310D-01 1.324138D+00 1.036000D-01 2.492870D-01 1.045507D+00
         8.180001D-02 1.968309D-01 8.180001D-02 6.399998D-03 1.539997D-02
         1.968309D-01 1.539997D-02 3.705611D-02
 --------------------
 MATALB     -3    -3    -3    -4    -4    -4    -4    -2    -2    -2
            -4    -4    -4    -3    -2    -3    -3    -3    -1    -1
            -1    -1    -2    -2    -2    -1    -1    -1     0    11
            11    11    11    12    12    11    12    13    11    12
            13    11    11    11    12    12    11    13    12    11
            11    12    13    13    13    12    11    11    12    13
            11    12    12    11    11    11    13    12    11    13
            12    11    12    12    11    11    11    11
 --------------------
 KEYMRG    -28   -27   -26   -25   -24   -23   -22   -21   -20   -19
           -18   -17   -16   -15   -14   -13   -12   -11   -10    -9
            -8    -7    -6    -5    -4    -3    -2    -1     0     1
             2     3     4     5     6     7     8     9    10    11
            12    13    14    15    16    17    18    19    20    21
            22    23    24    25    26    27    28    29    30    31
            32    33    34    35    36    37    38    39    40    41
            42    43    44    45    46    47    48    49
 --------------------
 ICODE      -1    -2    -3    -4
 --------------------
 GALBED  1.000000E+00 1.000000E+00 1.000000E+00 1.000000E+00
(* Output from --SALTCG-- follows 
 Tracking of geometry begins:
 Number of regions before merge =        49
 Number of regions after merge  =        49
 Number of surfaces before merge=        28
 Number of surfaces after merge =        28
 Number of directions for tracking =         48
 Number of lines per direction     =        551
 SALTLS: Global RMS, maximum and average errors (%) on region volumes :     0.04074     0.09247    -0.00577
 Tracking of geometry completed
   Output from --SALTCG-- completed *)
 MACRO000001
 ELEMENT:  S000001      I  S000005      I  S000009      I  S000013      I  S000017      I  S000021      I  S000025      I  S000032      I
           S000036      I  S000040      I  S000046      I  S000049      I  S000052      I  S000056      I  S000067      I  S000070      I
           S000073      I  S000076      I  S000077      I  S000081      I  S000085      I  S000091      I  S000097      I  S000100      I
           S000103      I  S000106      I  S000109      I  S000112      I
  IN/OUT:     1 /    1  I     2 /    2  I     3 /    3  I     4 /    4  I     5 /    5  I     6 /    6  I     7 /    7  I     8 /    8  I
              9 /    9  I    10 /   10  I    11 /   11  I    12 /   12  I    13 /   13  I    14 /   14  I    15 /   15  I    16 /   16  I
             17 /   17  I    18 /   18  I    19 /   19  I    20 /   20  I    21 /   21  I    22 /   22  I    23 /   23  I    24 /   24  I
             25 /   25  I    26 /   26  I    27 /   27  I    28 /   28  I
  ALBEDO:  1.00000E+00  I  1.00000E+00  I  1.00000E+00  I  1.00000E+00  I  1.00000E+00  I  1.00000E+00  I  1.00000E+00  I  1.00000E+00  I
           1.00000E+00  I  1.00000E+00  I  1.00000E+00  I  1.00000E+00  I  1.00000E+00  I  1.00000E+00  I  1.00000E+00  I  1.00000E+00  I
           1.00000E+00  I  1.00000E+00  I  1.00000E+00  I  1.00000E+00  I  1.00000E+00  I  1.00000E+00  I  1.00000E+00  I  1.00000E+00  I
           1.00000E+00  I  1.00000E+00  I  1.00000E+00  I  1.00000E+00  I
     DVX:  1.00000E+00  I  1.00000E+00  I  1.00000E+00  I  1.00000E+00  I  1.00000E+00  I  1.00000E+00  I  1.00000E+00  I  1.00000E+00  I
           1.00000E+00  I  1.00000E+00  I  1.00000E+00  I  1.00000E+00  I  1.00000E+00  I  1.00000E+00  I  1.00000E+00  I  1.00000E+00  I
           1.00000E+00  I  1.00000E+00  I  1.00000E+00  I  1.00000E+00  I  1.00000E+00  I  1.00000E+00  I  1.00000E+00  I  1.00000E+00  I
           1.00000E+00  I  1.00000E+00  I  1.00000E+00  I  1.00000E+00  I
     SUR:  1.92500E-01  I  8.00000E-02  I  1.02250E+00  I  1.92500E-01  I  8.00000E-02  I  1.02250E+00  I  1.29500E+00  I  1.02250E+00  I
           8.00000E-02  I  1.92500E-01  I  1.92500E-01  I  8.00000E-02  I  1.02250E+00  I  1.29500E+00  I  1.29500E+00  I  1.92500E-01  I
           8.00000E-02  I  1.02250E+00  I  1.02250E+00  I  8.00000E-02  I  1.92500E-01  I  1.29500E+00  I  1.02250E+00  I  8.00000E-02  I
           1.92500E-01  I  1.02250E+00  I  8.00000E-02  I  1.92500E-01  I
 ----------------------------------------------------------------------------------------------------------------------------------------

 STATE VECTOR:
 NREG         49   (NUMBER OF REGIONS)
 KPN          49   (NUMBER OF UNKNOWNS)
 ILK           1   (0=LEAKAGE PRESENT/1=LEAKAGE ABSENT)
 NBMIX        13   (MAXIMUM NUMBER OF MIXTURES USED)
 NSURF         0   (NUMBER OF OUTER SURFACES)
 NANI          1   (1=P0 CROSS SECTIONS/2=P1 CROSS SECTIONS/...)
 METHOD        5   (4=PIJ OR MOC/5=MULTICELL SURFACIC)
 NORM          0   (NORMALIZATION OPTION 1=ABSENT/0=GLOBAL/-1=NORMALIZATION BY ANGLE)
 TRKT          0   (TRACKING TYPE 0=FINITE/1=CYCLIC)
 BOUND         0   (BOUNDARY CONDITIONS TYPE 0=ISOTROPIC/1=SPECULAR)
 NANG         24   (NUMBER OF TRACKING ANGLES)
 ASYM         -1   (ANGULAR SYMMETRY FACTOR)
 POLQUA        0   (POLAR ANGLE QUADRATURE TYPE)
 POLOAQ        0   (POLAR ANGLE QUADRATURE ORDER)
 AZMQUA        1   (AZIMUTHAL OR SOLID ANGULAR QUADRATURE TYPE)
 NDIM          2   (NUMBER OF DIMENSIONS)
 NPOINT        0   (NUMBER OF TRACKING POINTS ON A LINE)
 MAXSGL        0   (MAXIMUM LENGTH OF A TRACK)
 NTLINE        0   (TOTAL NUMBER OF TRACKS GENERATED)
 NBTDIR        0   (TOTAL NUMBER OF TRACK DIRECTIONS PROCESSED)
 NANGL         0   (NUMBER OF TRACK DIRECTION ANGLES CONSIDERED IN THE INTEGRATION)
 INSB          0   (VECTORIZATION OPTION)
 ITRACK        1   (-1=MONTE-CARLO/0=DESACTIVATES TRACKING FILE BUILD/1=ACTIVATES TRACKING FILE BUILD)
 NMACRO        1   (NUMBER OF MACRO GEOMETRIES)
 MERGMX        0   (0/1=MERGMIX ACTIVATION FLAG)
 NBATCH        0   (NUMBER OF TRACKS IN EACH OPENMP CORE)
 IJAT         28   (NUMBER OF ADDITIONAL INTERFACE CURRENT COMPONENTS)
 NMIX         28   (NUMBER OF PERIMETER ELEMENTS IN MACRO GEOMETRIES)
 IBIHET        0   (0/1=DOUBLE HETEROGENEITY IS NOT/IS ACTIVE)
 EPSJ   1.00E-06   (FLUX-CURRENT ITERATION EPSILON)
->@END MODULE   : SALT:  