-->>MODULE SALT:       : TIME SPENT=        0.081 MEMORY USAGE= 0.000E+00
->@BEGIN MODULE : SALT:       
->@DESCRIPTION  : Track calculations from a SALOME surfacic file                          
->@CREDITS      : A. Hebert, X. Warin                                                     
->@COPYRIGHTS   : ECOLE POLYTECHNIQUE DE MONTREAL  
                  GNU LESSER GENERAL PUBLIC LICENSE
                                                                                 
 	dat input file for DRAGON5                                                     
 ------------------------------------------------------------                    
                                                                                 
                                                                                 
 SEEKS => dimensions for geometry
 * typge, nbfo, node,   elem, macr,  nreg                                        
        0       0      49     112       1      49

1 SSSSS    AA   LL     TTTTTTTT ***********************************************************************************************
 SSSSSSS  AAAA  LL     TTTTTTTT ********************************************************** MULTIGROUP VERSION.  X. WARIN (2001)
 SS   SS  AAAA  LL        TT
  SS     AA  AA LL        TT
    SS   AAAAAA LL        TT
 SS   SS AAAAAA LL        TT
 SSSSSSS AA  AA LLLLLLL   TT
  SSSSS  AA  AA LLLLLLL   TT

 TISO MOC SURFACIC BOX GLOW CASE                                         

 SALT: isotropic boundary conditions
 SALT: PIJ or MOC tracking
 SAL100: TYPGEO=           0  NBFOLD=           0


     domain checkout:
     elements are in contact for distance <   1.0000E-05


 SAL110: no unfold
 SAL110: after unfolding -- NB_ELEM=         112  NB_PERIM=           4

 SALACG: TYPGEO=    0 NBFOLD=    0


 LCMLIB: CONTENT OF ACTIVE DIRECTORY '/           ' OF THE TABLE    'TRACKMOC    ':

     BLOCK NAME----------    LENGTH    TYPE

        1  'SIGNATURE   '         3    CHARACTER       ='L_TRACK     '
        2  'TRACK-TYPE  '         3    CHARACTER       ='EXCELL      '
        3  'STATE-VECTOR'        40    INTEGER         
        4  'EXCELTRACKOP'        40    REAL            
        5  'TITLE       '        18    CHARACTER       
        6  'GEOMETRY    '        -1    DIRECTORY       


 TOTAL NUMBER OF WORDS ON DIRECTORY '/           ' =       104



 LCMLIB: CONTENT OF ACTIVE DIRECTORY 'GEOMETRY    ' OF THE TABLE    'TRACKMOC    ':

     BLOCK NAME----------    LENGTH    TYPE

        1  'NB_ELEM     '         1    INTEGER         
        2  'NIPAR       '         1    INTEGER         
        3  'IPAR        '       336    INTEGER         
        4  'RPAR        '       672    DOUBLE PRECISION
        5  'ISURF2_ELEM '       112    INTEGER         
        6  'NB_NODE     '         1    INTEGER         
        7  'VOL_NODE    '        49    DOUBLE PRECISION
        8  'NB_SURF2    '         1    INTEGER         
        9  'IBC2_SURF2  '        28    INTEGER         
       10  'IELEM_SURF2 '        28    INTEGER         
       11  'SURF2       '        28    DOUBLE PRECISION
       12  'NPERIM_MAC2 '         1    INTEGER         
       13  'PERIM_MAC2  '        28    INTEGER         
       14  'PPERIM_MAC2 '         7    INTEGER         
       15  'PERIM_NODE  '       196    INTEGER         
       16  'PPERIM_NODE '        50    INTEGER         
       17  'BC_DATA_DIM2'         1    INTEGER         
       18  'BC_DATA     '        24    DOUBLE PRECISION
       19  'NB_BC2      '         1    INTEGER         
       20  'TYPE_BC2    '        28    INTEGER         
       21  'IDATA_BC2   '        28    INTEGER         


 TOTAL NUMBER OF WORDS ON DIRECTORY 'GEOMETRY    ' =      1621

 number of merged regions,surfaces,nodes          49          28          49
 --------------------
 VOLUME  1.925000D-01 1.925000D-01 8.000000D-02 8.000000D-02 1.022500D+00
         1.022500D+00 1.925000D-01 1.925000D-01 8.000000D-02 8.000000D-02
         1.022500D+00 1.022500D+00 1.925000D-01 1.925000D-01 8.000000D-02
         8.000000D-02 1.022500D+00 1.022500D+00 1.925000D-01 1.925000D-01
         8.000000D-02 8.000000D-02 1.022500D+00 1.022500D+00 1.295000D+00
         1.295000D+00 1.295000D+00 1.295000D+00 0.000000D+00 1.677025D+00
         1.324137D+00 1.036000D-01 2.492875D-01 1.324137D+00 1.036000D-01
         2.492875D-01 1.324137D+00 1.036000D-01 2.492875D-01 1.324137D+00
         1.036000D-01 2.492875D-01 1.045506D+00 8.180000D-02 8.180000D-02
         6.400000D-03 1.968313D-01 1.968313D-01 1.540000D-02 1.540000D-02
         3.705625D-02 1.045506D+00 8.180000D-02 8.180000D-02 6.400000D-03
         1.968313D-01 1.968313D-01 1.540000D-02 1.540000D-02 3.705625D-02
         1.045506D+00 8.180000D-02 8.180000D-02 6.400000D-03 1.968313D-01
         1.968313D-01 1.540000D-02 1.540000D-02 3.705625D-02 1.045506D+00
         8.180000D-02 8.180000D-02 6.400000D-03 1.968313D-01 1.968313D-01
         1.540000D-02 1.540000D-02 3.705625D-02
 --------------------
 MATALB     -2    -1    -1    -2    -1    -2    -3    -1    -1    -3
            -1    -3    -2    -4    -4    -2    -4    -2    -4    -3
            -4    -3    -4    -3    -1    -4    -2    -3     0     1
             1     2     3     1     2     3     1     2     3     1
             2     3     1     2     2     2     3     3     3     3
             3     1     2     2     2     3     3     3     3     3
             1     2     2     2     3     3     3     3     3     1
             2     2     2     3     3     3     3     3
 --------------------
 KEYMRG    -28   -27   -26   -25   -24   -23   -22   -21   -20   -19
           -18   -17   -16   -15   -14   -13   -12   -11   -10    -9
            -8    -7    -6    -5    -4    -3    -2    -1     0     1
             2     3     4     5     6     7     8     9    10    11
            12    13    14    15    16    17    18    19    20    21
            22    23    24    25    26    27    28    29    30    31
            32    33    34    35    36    37    38    39    40    41
            42    43    44    45    46    47    48    49
 --------------------
 ICODE      -1    -2    -3    -4    -5    -6
 --------------------
 GALBED  1.000000E+00 1.000000E+00 1.000000E+00 1.000000E+00 0.000000E+00
         0.000000E+00
(* Output from --SALTCG-- follows 
 Tracking of geometry begins:
 Number of regions before merge =        49
 Number of regions after merge  =        49
 Number of surfaces before merge=        28
 Number of surfaces after merge =        28
 Number of directions for tracking =         48
 Number of lines per direction     =        551
 SALTLS: Global RMS, maximum and average errors (%) on region volumes :     0.04075     0.09248    -0.00577
 Tracking of geometry completed
   Output from --SALTCG-- completed *)

 STATE VECTOR:
 NREG         49   (NUMBER OF REGIONS)
 KPN          49   (NUMBER OF UNKNOWNS)
 ILK           1   (0=LEAKAGE PRESENT/1=LEAKAGE ABSENT)
 NBMIX         3   (MAXIMUM NUMBER OF MIXTURES USED)
 NSURF        28   (NUMBER OF OUTER SURFACES)
 NANI          1   (1=P0 CROSS SECTIONS/2=P1 CROSS SECTIONS/...)
 METHOD        4   (4=PIJ OR MOC/5=MULTICELL SURFACIC)
 NORM          0   (NORMALIZATION OPTION 1=ABSENT/0=GLOBAL/-1=NORMALIZATION BY ANGLE)
 TRKT          0   (TRACKING TYPE 0=FINITE/1=CYCLIC)
 BOUND         0   (BOUNDARY CONDITIONS TYPE 0=ISOTROPIC/1=SPECULAR)
 NANG         24   (NUMBER OF TRACKING ANGLES)
 ASYM          1   (ANGULAR SYMMETRY FACTOR)
 POLQUA        0   (POLAR ANGLE QUADRATURE TYPE)
 POLOAQ        0   (POLAR ANGLE QUADRATURE ORDER)
 AZMQUA        1   (AZIMUTHAL OR SOLID ANGULAR QUADRATURE TYPE)
 NDIM          2   (NUMBER OF DIMENSIONS)
 NPOINT      551   (NUMBER OF TRACKING POINTS ON A LINE)
 MAXSGL   100000   (MAXIMUM LENGTH OF A TRACK)
 NTLINE    23776   (TOTAL NUMBER OF TRACKS GENERATED)
 NBTDIR       48   (TOTAL NUMBER OF TRACK DIRECTIONS PROCESSED)
 NANGL        48   (NUMBER OF TRACK DIRECTION ANGLES CONSIDERED IN THE INTEGRATION)
 INSB          1   (VECTORIZATION OPTION)
 ITRACK        1   (-1=MONTE-CARLO/0=DESACTIVATES TRACKING FILE BUILD/1=ACTIVATES TRACKING FILE BUILD)
 NMACRO        0   (NUMBER OF MACRO GEOMETRIES)
 MERGMX        0   (0/1=MERGMIX ACTIVATION FLAG)
 NBATCH        0   (NUMBER OF TRACKS IN EACH OPENMP CORE)
 IJAT          0   (NUMBER OF ADDITIONAL INTERFACE CURRENT COMPONENTS)
 NMIX          0   (NUMBER OF PERIMETER ELEMENTS IN MACRO GEOMETRIES)
 IBIHET        0   (0/1=DOUBLE HETEROGENEITY IS NOT/IS ACTIVE)
->@END MODULE   : SALT:       