[set_uniform_temperatures] Setting uniform temperatures: fuel=900.0 K, gap=600.0 K, coolant=600.0 K, moderator=600.0 K, structural=600.0 K.
[set_uniform_temperatures] Setting uniform temperatures: fuel=900.0 K, gap=600.0 K, coolant=600.0 K, moderator=600.0 K, structural=600.0 K.
Analyzing lattice description and building lattice data structure with pin models based on the geometry description ...
Created : Pin with fuel material 45Gd subdivided into radial zones with radii [0.4435, 0.452, 0.514] based on self-shielding option default.
Creating MaterialMixture for '45Gd_zone_1' with base material '45Gd' and mix index 1...
Creating MaterialMixture for '45Gd_zone_2' with base material '45Gd' and mix index 2...
Creating MaterialMixture for '45Gd_zone_3' with base material '45Gd' and mix index 3...
Creating MaterialMixture for '45Gd_zone_4' with base material '45Gd' and mix index 4...
Creating MaterialMixture for '45Gd_zone_5' with base material '45Gd' and mix index 5...
Creating MaterialMixture for '45Gd_zone_6' with base material '45Gd' and mix index 6...
[by_material] Created 6 fuel material mixtures for 1 unique fuel materials.
[apply_mix_numbering] Switched from None to by_material.
[enforce_tdt] Updated 6 fuel mixture indices from TDT file.
[enforce_tdt] Also stored 3 non-fuel mixture indices: {'COOLANT': 1, 'CLAD': 2, 'GAP': 3}
[enforce_tdt] Stored TDT indices for step 'SSH' in mix state history.
[identify_mixes] Found 1 generating mixes and 5 daughter mixes.
[SSH Step] Applied TDT indices for step 'SSH'. 
These indices define the initial LIB numbering.
Generating MIX procedure 'MIX' with LIB: ...
[LIB] Setting self-shielded fuel isotopes to: ['U235', 'U238', 'U234']
[LIB] Wrote procedure to /home/loutre/PHDCODE/glow_env/glow/glow_data/starterDD_outputs/AT10/AT10_45Gd/1L_scheme/MIX.c2m
[enforce_tdt] Updated 6 fuel mixture indices from TDT file.
[enforce_tdt] Also stored 3 non-fuel mixture indices: {'COOLANT': 1, 'CLAD': 2, 'GAP': 3}
[enforce_tdt] Stored TDT indices for step 'FLUXL1' in mix state history.
[identify_mixes] Found 1 generating mixes and 5 daughter mixes.
[MIXEQ] No strategy transitions detected - no MIXEQ procedures generated
[TRK] Wrote procedure to /home/loutre/PHDCODE/glow_env/glow/glow_data/starterDD_outputs/AT10/AT10_45Gd/1L_scheme/TRK.c2m
[EDI_COMPO] Wrote procedure to /home/loutre/PHDCODE/glow_env/glow/glow_data/starterDD_outputs/AT10/AT10_45Gd/1L_scheme/EDIR.c2m
[x2m] Wrote /home/loutre/PHDCODE/glow_env/glow/glow_data/starterDD_outputs/AT10/AT10_45Gd/1L_scheme/AT10_45Gd.x2m
Running Dragon... This may take a few moments.
Using Dragon executable: /home/loutre/PHDCODE/5.1/Dragon/bin/Linux_x86_64/Dragon
Draglibs path used: /home/loutre/PHDCODE/libraries/l_endian/draglibendfb8r1SHEM295_v5p1
Dragon run completed.
Success: True
keff:    0.4286525
Time:    35.6s
Results: /home/loutre/PHDCODE/glow_env/glow/glow_data/ATRIUM10_cases/pincells/results/AT10_45Gd/PT_CP_1L_MOC/2026-04-06T18-44-15
Serpent2 reference keff for endfb8r1: 0.431421
Delta keff (pcm): -276.85 pcm
[set_uniform_temperatures] Setting uniform temperatures: fuel=900.0 K, gap=600.0 K, coolant=600.0 K, moderator=600.0 K, structural=600.0 K.
[set_uniform_temperatures] Setting uniform temperatures: fuel=900.0 K, gap=600.0 K, coolant=600.0 K, moderator=600.0 K, structural=600.0 K.
Analyzing lattice description and building lattice data structure with pin models based on the geometry description ...
Created : Pin with fuel material 45Gd subdivided into radial zones with radii [0.4435, 0.452, 0.514] based on self-shielding option default.
Creating MaterialMixture for '45Gd_zone_1' with base material '45Gd' and mix index 1...
Creating MaterialMixture for '45Gd_zone_2' with base material '45Gd' and mix index 2...
Creating MaterialMixture for '45Gd_zone_3' with base material '45Gd' and mix index 3...
Creating MaterialMixture for '45Gd_zone_4' with base material '45Gd' and mix index 4...
Creating MaterialMixture for '45Gd_zone_5' with base material '45Gd' and mix index 5...
Creating MaterialMixture for '45Gd_zone_6' with base material '45Gd' and mix index 6...
[by_material] Created 6 fuel material mixtures for 1 unique fuel materials.
[apply_mix_numbering] Switched from None to by_material.
[enforce_tdt] Updated 6 fuel mixture indices from TDT file.
[enforce_tdt] Also stored 3 non-fuel mixture indices: {'COOLANT': 1, 'CLAD': 2, 'GAP': 3}
[enforce_tdt] Stored TDT indices for step 'SSH' in mix state history.
[identify_mixes] Found 1 generating mixes and 5 daughter mixes.
[SSH Step] Applied TDT indices for step 'SSH'. 
These indices define the initial LIB numbering.
Generating MIX procedure 'MIX' with LIB: ...
[LIB] Setting self-shielded fuel isotopes to: ['U235', 'U238', 'U234']
[LIB] Wrote procedure to /home/loutre/PHDCODE/glow_env/glow/glow_data/starterDD_outputs/AT10/AT10_45Gd/1L_scheme/MIX.c2m
[enforce_tdt] Updated 6 fuel mixture indices from TDT file.
[enforce_tdt] Also stored 3 non-fuel mixture indices: {'COOLANT': 1, 'CLAD': 2, 'GAP': 3}
[enforce_tdt] Stored TDT indices for step 'FLUXL1' in mix state history.
[identify_mixes] Found 1 generating mixes and 5 daughter mixes.
[MIXEQ] No strategy transitions detected - no MIXEQ procedures generated
[TRK] Wrote procedure to /home/loutre/PHDCODE/glow_env/glow/glow_data/starterDD_outputs/AT10/AT10_45Gd/1L_scheme/TRK.c2m
[EDI_COMPO] Wrote procedure to /home/loutre/PHDCODE/glow_env/glow/glow_data/starterDD_outputs/AT10/AT10_45Gd/1L_scheme/EDIR.c2m
[x2m] Wrote /home/loutre/PHDCODE/glow_env/glow/glow_data/starterDD_outputs/AT10/AT10_45Gd/1L_scheme/AT10_45Gd.x2m
Running Dragon... This may take a few moments.
Using Dragon executable: /home/loutre/PHDCODE/5.1/Dragon/bin/Linux_x86_64/Dragon
Draglibs path used: /home/loutre/PHDCODE/libraries/l_endian/draglibendfb8r1SHEM295_v5p1
Dragon run completed.
Success: True
keff:    0.4292716
Time:    36.4s
Results: /home/loutre/PHDCODE/glow_env/glow/glow_data/ATRIUM10_cases/pincells/results/AT10_45Gd/PT_CP_1L_MOC/2026-04-06T18-44-51
Serpent2 reference keff for endfb8r1: 0.431421
Delta keff (pcm): -214.94 pcm
[set_uniform_temperatures] Setting uniform temperatures: fuel=900.0 K, gap=600.0 K, coolant=600.0 K, moderator=600.0 K, structural=600.0 K.
[set_uniform_temperatures] Setting uniform temperatures: fuel=900.0 K, gap=600.0 K, coolant=600.0 K, moderator=600.0 K, structural=600.0 K.
Analyzing lattice description and building lattice data structure with pin models based on the geometry description ...
Created : Pin with fuel material 45Gd subdivided into radial zones with radii [0.4435, 0.452, 0.514] based on self-shielding option default.
Creating MaterialMixture for '45Gd_zone_1' with base material '45Gd' and mix index 1...
Creating MaterialMixture for '45Gd_zone_2' with base material '45Gd' and mix index 2...
Creating MaterialMixture for '45Gd_zone_3' with base material '45Gd' and mix index 3...
Creating MaterialMixture for '45Gd_zone_4' with base material '45Gd' and mix index 4...
Creating MaterialMixture for '45Gd_zone_5' with base material '45Gd' and mix index 5...
Creating MaterialMixture for '45Gd_zone_6' with base material '45Gd' and mix index 6...
[by_material] Created 6 fuel material mixtures for 1 unique fuel materials.
[apply_mix_numbering] Switched from None to by_material.
[enforce_tdt] Updated 6 fuel mixture indices from TDT file.
[enforce_tdt] Also stored 3 non-fuel mixture indices: {'COOLANT': 1, 'CLAD': 2, 'GAP': 3}
[enforce_tdt] Stored TDT indices for step 'SSH' in mix state history.
[identify_mixes] Found 1 generating mixes and 5 daughter mixes.
[SSH Step] Applied TDT indices for step 'SSH'. 
These indices define the initial LIB numbering.
Generating MIX procedure 'MIX' with LIB: ...
[LIB] Setting self-shielded fuel isotopes to: ['U235', 'U238', 'U234']
[LIB] Wrote procedure to /home/loutre/PHDCODE/glow_env/glow/glow_data/starterDD_outputs/AT10/AT10_45Gd/1L_scheme/MIX.c2m
[enforce_tdt] Updated 6 fuel mixture indices from TDT file.
[enforce_tdt] Also stored 3 non-fuel mixture indices: {'COOLANT': 1, 'CLAD': 2, 'GAP': 3}
[enforce_tdt] Stored TDT indices for step 'FLUXL1' in mix state history.
[identify_mixes] Found 1 generating mixes and 5 daughter mixes.
[MIXEQ] No strategy transitions detected - no MIXEQ procedures generated
[TRK] Wrote procedure to /home/loutre/PHDCODE/glow_env/glow/glow_data/starterDD_outputs/AT10/AT10_45Gd/1L_scheme/TRK.c2m
[EDI_COMPO] Wrote procedure to /home/loutre/PHDCODE/glow_env/glow/glow_data/starterDD_outputs/AT10/AT10_45Gd/1L_scheme/EDIR.c2m
[x2m] Wrote /home/loutre/PHDCODE/glow_env/glow/glow_data/starterDD_outputs/AT10/AT10_45Gd/1L_scheme/AT10_45Gd.x2m
Running Dragon... This may take a few moments.
Using Dragon executable: /home/loutre/PHDCODE/5.1/Dragon/bin/Linux_x86_64/Dragon
Draglibs path used: /home/loutre/PHDCODE/libraries/l_endian/draglibendfb8r1SHEM295_v5p1
Dragon run completed.
Success: True
keff:    0.4293319
Time:    38.7s
Results: /home/loutre/PHDCODE/glow_env/glow/glow_data/ATRIUM10_cases/pincells/results/AT10_45Gd/PT_CP_1L_MOC/2026-04-06T18-45-27
Serpent2 reference keff for endfb8r1: 0.431421
Delta keff (pcm): -208.91 pcm
[set_uniform_temperatures] Setting uniform temperatures: fuel=900.0 K, gap=600.0 K, coolant=600.0 K, moderator=600.0 K, structural=600.0 K.
[set_uniform_temperatures] Setting uniform temperatures: fuel=900.0 K, gap=600.0 K, coolant=600.0 K, moderator=600.0 K, structural=600.0 K.
Analyzing lattice description and building lattice data structure with pin models based on the geometry description ...
Created : Pin with fuel material 45Gd subdivided into radial zones with radii [0.4435, 0.452, 0.514] based on self-shielding option default.
Creating MaterialMixture for '45Gd_zone_1' with base material '45Gd' and mix index 1...
Creating MaterialMixture for '45Gd_zone_2' with base material '45Gd' and mix index 2...
Creating MaterialMixture for '45Gd_zone_3' with base material '45Gd' and mix index 3...
Creating MaterialMixture for '45Gd_zone_4' with base material '45Gd' and mix index 4...
Creating MaterialMixture for '45Gd_zone_5' with base material '45Gd' and mix index 5...
Creating MaterialMixture for '45Gd_zone_6' with base material '45Gd' and mix index 6...
[by_material] Created 6 fuel material mixtures for 1 unique fuel materials.
[apply_mix_numbering] Switched from None to by_material.
[enforce_tdt] Updated 6 fuel mixture indices from TDT file.
[enforce_tdt] Also stored 3 non-fuel mixture indices: {'COOLANT': 1, 'CLAD': 2, 'GAP': 3}
[enforce_tdt] Stored TDT indices for step 'SSH' in mix state history.
[identify_mixes] Found 1 generating mixes and 5 daughter mixes.
[SSH Step] Applied TDT indices for step 'SSH'. 
These indices define the initial LIB numbering.
Generating MIX procedure 'MIX' with LIB: ...
[LIB] Setting self-shielded fuel isotopes to: ['U235', 'U238', 'U234']
[LIB] Wrote procedure to /home/loutre/PHDCODE/glow_env/glow/glow_data/starterDD_outputs/AT10/AT10_45Gd/1L_scheme/MIX.c2m
[enforce_tdt] Updated 6 fuel mixture indices from TDT file.
[enforce_tdt] Also stored 3 non-fuel mixture indices: {'COOLANT': 1, 'CLAD': 2, 'GAP': 3}
[enforce_tdt] Stored TDT indices for step 'FLUXL1' in mix state history.
[identify_mixes] Found 1 generating mixes and 5 daughter mixes.
[MIXEQ] No strategy transitions detected - no MIXEQ procedures generated
[TRK] Wrote procedure to /home/loutre/PHDCODE/glow_env/glow/glow_data/starterDD_outputs/AT10/AT10_45Gd/1L_scheme/TRK.c2m
[EDI_COMPO] Wrote procedure to /home/loutre/PHDCODE/glow_env/glow/glow_data/starterDD_outputs/AT10/AT10_45Gd/1L_scheme/EDIR.c2m
[x2m] Wrote /home/loutre/PHDCODE/glow_env/glow/glow_data/starterDD_outputs/AT10/AT10_45Gd/1L_scheme/AT10_45Gd.x2m
Running Dragon... This may take a few moments.
Using Dragon executable: /home/loutre/PHDCODE/5.1/Dragon/bin/Linux_x86_64/Dragon
Draglibs path used: /home/loutre/PHDCODE/libraries/l_endian/draglibendfb8r1SHEM295_v5p1
Dragon run completed.
Success: True
keff:    0.42899
Time:    43.4s
Results: /home/loutre/PHDCODE/glow_env/glow/glow_data/ATRIUM10_cases/pincells/results/AT10_45Gd/PT_CP_1L_MOC/2026-04-06T18-46-06
Serpent2 reference keff for endfb8r1: 0.431421
Delta keff (pcm): -243.10 pcm
[set_uniform_temperatures] Setting uniform temperatures: fuel=900.0 K, gap=600.0 K, coolant=600.0 K, moderator=600.0 K, structural=600.0 K.
[set_uniform_temperatures] Setting uniform temperatures: fuel=900.0 K, gap=600.0 K, coolant=600.0 K, moderator=600.0 K, structural=600.0 K.
Analyzing lattice description and building lattice data structure with pin models based on the geometry description ...
Created : Pin with fuel material 45Gd subdivided into radial zones with radii [0.4435, 0.452, 0.514] based on self-shielding option default.
Creating MaterialMixture for '45Gd_zone_1' with base material '45Gd' and mix index 1...
Creating MaterialMixture for '45Gd_zone_2' with base material '45Gd' and mix index 2...
Creating MaterialMixture for '45Gd_zone_3' with base material '45Gd' and mix index 3...
Creating MaterialMixture for '45Gd_zone_4' with base material '45Gd' and mix index 4...
Creating MaterialMixture for '45Gd_zone_5' with base material '45Gd' and mix index 5...
Creating MaterialMixture for '45Gd_zone_6' with base material '45Gd' and mix index 6...
[by_material] Created 6 fuel material mixtures for 1 unique fuel materials.
[apply_mix_numbering] Switched from None to by_material.
[enforce_tdt] Updated 6 fuel mixture indices from TDT file.
[enforce_tdt] Also stored 3 non-fuel mixture indices: {'COOLANT': 1, 'CLAD': 2, 'GAP': 3}
[enforce_tdt] Stored TDT indices for step 'SSH' in mix state history.
[identify_mixes] Found 1 generating mixes and 5 daughter mixes.
[SSH Step] Applied TDT indices for step 'SSH'. 
These indices define the initial LIB numbering.
Generating MIX procedure 'MIX' with LIB: ...
[LIB] Setting self-shielded fuel isotopes to: ['U235', 'U238', 'U234']
[LIB] Wrote procedure to /home/loutre/PHDCODE/glow_env/glow/glow_data/starterDD_outputs/AT10/AT10_45Gd/1L_scheme/MIX.c2m
[enforce_tdt] Updated 6 fuel mixture indices from TDT file.
[enforce_tdt] Also stored 3 non-fuel mixture indices: {'COOLANT': 1, 'CLAD': 2, 'GAP': 3}
[enforce_tdt] Stored TDT indices for step 'FLUXL1' in mix state history.
[identify_mixes] Found 1 generating mixes and 5 daughter mixes.
[MIXEQ] No strategy transitions detected - no MIXEQ procedures generated
[TRK] Wrote procedure to /home/loutre/PHDCODE/glow_env/glow/glow_data/starterDD_outputs/AT10/AT10_45Gd/1L_scheme/TRK.c2m
[EDI_COMPO] Wrote procedure to /home/loutre/PHDCODE/glow_env/glow/glow_data/starterDD_outputs/AT10/AT10_45Gd/1L_scheme/EDIR.c2m
[x2m] Wrote /home/loutre/PHDCODE/glow_env/glow/glow_data/starterDD_outputs/AT10/AT10_45Gd/1L_scheme/AT10_45Gd.x2m
Running Dragon... This may take a few moments.
Using Dragon executable: /home/loutre/PHDCODE/5.1/Dragon/bin/Linux_x86_64/Dragon
Draglibs path used: /home/loutre/PHDCODE/libraries/l_endian/draglibendfb8r1SHEM295_v5p1
Dragon run completed.
Success: True
keff:    0.4293181
Time:    36.5s
Results: /home/loutre/PHDCODE/glow_env/glow/glow_data/ATRIUM10_cases/pincells/results/AT10_45Gd/PT_CP_1L_MOC/2026-04-06T18-46-50
Serpent2 reference keff for endfb8r1: 0.431421
Delta keff (pcm): -210.29 pcm
[set_uniform_temperatures] Setting uniform temperatures: fuel=900.0 K, gap=600.0 K, coolant=600.0 K, moderator=600.0 K, structural=600.0 K.
[set_uniform_temperatures] Setting uniform temperatures: fuel=900.0 K, gap=600.0 K, coolant=600.0 K, moderator=600.0 K, structural=600.0 K.
Analyzing lattice description and building lattice data structure with pin models based on the geometry description ...
Created : Pin with fuel material 45Gd subdivided into radial zones with radii [0.4435, 0.452, 0.514] based on self-shielding option default.
Creating MaterialMixture for '45Gd_zone_1' with base material '45Gd' and mix index 1...
Creating MaterialMixture for '45Gd_zone_2' with base material '45Gd' and mix index 2...
Creating MaterialMixture for '45Gd_zone_3' with base material '45Gd' and mix index 3...
Creating MaterialMixture for '45Gd_zone_4' with base material '45Gd' and mix index 4...
Creating MaterialMixture for '45Gd_zone_5' with base material '45Gd' and mix index 5...
Creating MaterialMixture for '45Gd_zone_6' with base material '45Gd' and mix index 6...
[by_material] Created 6 fuel material mixtures for 1 unique fuel materials.
[apply_mix_numbering] Switched from None to by_material.
[enforce_tdt] Updated 6 fuel mixture indices from TDT file.
[enforce_tdt] Also stored 3 non-fuel mixture indices: {'COOLANT': 1, 'CLAD': 2, 'GAP': 3}
[enforce_tdt] Stored TDT indices for step 'SSH' in mix state history.
[identify_mixes] Found 1 generating mixes and 5 daughter mixes.
[SSH Step] Applied TDT indices for step 'SSH'. 
These indices define the initial LIB numbering.
Generating MIX procedure 'MIX' with LIB: ...
[LIB] Setting self-shielded fuel isotopes to: ['U235', 'U238', 'U234']
[LIB] Wrote procedure to /home/loutre/PHDCODE/glow_env/glow/glow_data/starterDD_outputs/AT10/AT10_45Gd/1L_scheme/MIX.c2m
[enforce_tdt] Updated 6 fuel mixture indices from TDT file.
[enforce_tdt] Also stored 3 non-fuel mixture indices: {'COOLANT': 1, 'CLAD': 2, 'GAP': 3}
[enforce_tdt] Stored TDT indices for step 'FLUXL1' in mix state history.
[identify_mixes] Found 1 generating mixes and 5 daughter mixes.
[MIXEQ] No strategy transitions detected - no MIXEQ procedures generated
[TRK] Wrote procedure to /home/loutre/PHDCODE/glow_env/glow/glow_data/starterDD_outputs/AT10/AT10_45Gd/1L_scheme/TRK.c2m
[EDI_COMPO] Wrote procedure to /home/loutre/PHDCODE/glow_env/glow/glow_data/starterDD_outputs/AT10/AT10_45Gd/1L_scheme/EDIR.c2m
[x2m] Wrote /home/loutre/PHDCODE/glow_env/glow/glow_data/starterDD_outputs/AT10/AT10_45Gd/1L_scheme/AT10_45Gd.x2m
Running Dragon... This may take a few moments.
Using Dragon executable: /home/loutre/PHDCODE/5.1/Dragon/bin/Linux_x86_64/Dragon
Draglibs path used: /home/loutre/PHDCODE/libraries/l_endian/draglibendfb8r1SHEM295_v5p1
Dragon run completed.
Success: True
keff:    0.4299203
Time:    44.1s
Results: /home/loutre/PHDCODE/glow_env/glow/glow_data/ATRIUM10_cases/pincells/results/AT10_45Gd/PT_CP_1L_MOC/2026-04-06T18-47-26
Serpent2 reference keff for endfb8r1: 0.431421
Delta keff (pcm): -150.07 pcm
[set_uniform_temperatures] Setting uniform temperatures: fuel=900.0 K, gap=600.0 K, coolant=600.0 K, moderator=600.0 K, structural=600.0 K.
[set_uniform_temperatures] Setting uniform temperatures: fuel=900.0 K, gap=600.0 K, coolant=600.0 K, moderator=600.0 K, structural=600.0 K.
Analyzing lattice description and building lattice data structure with pin models based on the geometry description ...
Created : Pin with fuel material 45Gd subdivided into radial zones with radii [0.4435, 0.452, 0.514] based on self-shielding option default.
Creating MaterialMixture for '45Gd_zone_1' with base material '45Gd' and mix index 1...
Creating MaterialMixture for '45Gd_zone_2' with base material '45Gd' and mix index 2...
Creating MaterialMixture for '45Gd_zone_3' with base material '45Gd' and mix index 3...
Creating MaterialMixture for '45Gd_zone_4' with base material '45Gd' and mix index 4...
Creating MaterialMixture for '45Gd_zone_5' with base material '45Gd' and mix index 5...
Creating MaterialMixture for '45Gd_zone_6' with base material '45Gd' and mix index 6...
[by_material] Created 6 fuel material mixtures for 1 unique fuel materials.
[apply_mix_numbering] Switched from None to by_material.
[enforce_tdt] Updated 6 fuel mixture indices from TDT file.
[enforce_tdt] Also stored 3 non-fuel mixture indices: {'COOLANT': 1, 'CLAD': 2, 'GAP': 3}
[enforce_tdt] Stored TDT indices for step 'SSH' in mix state history.
[identify_mixes] Found 1 generating mixes and 5 daughter mixes.
[SSH Step] Applied TDT indices for step 'SSH'. 
These indices define the initial LIB numbering.
Generating MIX procedure 'MIX' with LIB: ...
[LIB] Setting self-shielded fuel isotopes to: ['U235', 'U238', 'U234']
[LIB] Wrote procedure to /home/loutre/PHDCODE/glow_env/glow/glow_data/starterDD_outputs/AT10/AT10_45Gd/1L_scheme/MIX.c2m
[enforce_tdt] Updated 6 fuel mixture indices from TDT file.
[enforce_tdt] Also stored 3 non-fuel mixture indices: {'COOLANT': 1, 'CLAD': 2, 'GAP': 3}
[enforce_tdt] Stored TDT indices for step 'FLUXL1' in mix state history.
[identify_mixes] Found 1 generating mixes and 5 daughter mixes.
[MIXEQ] No strategy transitions detected - no MIXEQ procedures generated
[TRK] Wrote procedure to /home/loutre/PHDCODE/glow_env/glow/glow_data/starterDD_outputs/AT10/AT10_45Gd/1L_scheme/TRK.c2m
[EDI_COMPO] Wrote procedure to /home/loutre/PHDCODE/glow_env/glow/glow_data/starterDD_outputs/AT10/AT10_45Gd/1L_scheme/EDIR.c2m
[x2m] Wrote /home/loutre/PHDCODE/glow_env/glow/glow_data/starterDD_outputs/AT10/AT10_45Gd/1L_scheme/AT10_45Gd.x2m
Running Dragon... This may take a few moments.
Using Dragon executable: /home/loutre/PHDCODE/5.1/Dragon/bin/Linux_x86_64/Dragon
Draglibs path used: /home/loutre/PHDCODE/libraries/l_endian/draglibendfb8r1SHEM295_v5p1
Dragon run completed.
Success: True
keff:    0.4299808
Time:    42.6s
Results: /home/loutre/PHDCODE/glow_env/glow/glow_data/ATRIUM10_cases/pincells/results/AT10_45Gd/PT_CP_1L_MOC/2026-04-06T18-48-10
Serpent2 reference keff for endfb8r1: 0.431421
Delta keff (pcm): -144.02 pcm
[set_uniform_temperatures] Setting uniform temperatures: fuel=900.0 K, gap=600.0 K, coolant=600.0 K, moderator=600.0 K, structural=600.0 K.
[set_uniform_temperatures] Setting uniform temperatures: fuel=900.0 K, gap=600.0 K, coolant=600.0 K, moderator=600.0 K, structural=600.0 K.
Analyzing lattice description and building lattice data structure with pin models based on the geometry description ...
Created : Pin with fuel material 45Gd subdivided into radial zones with radii [0.4435, 0.452, 0.514] based on self-shielding option default.
Creating MaterialMixture for '45Gd_zone_1' with base material '45Gd' and mix index 1...
Creating MaterialMixture for '45Gd_zone_2' with base material '45Gd' and mix index 2...
Creating MaterialMixture for '45Gd_zone_3' with base material '45Gd' and mix index 3...
Creating MaterialMixture for '45Gd_zone_4' with base material '45Gd' and mix index 4...
Creating MaterialMixture for '45Gd_zone_5' with base material '45Gd' and mix index 5...
Creating MaterialMixture for '45Gd_zone_6' with base material '45Gd' and mix index 6...
[by_material] Created 6 fuel material mixtures for 1 unique fuel materials.
[apply_mix_numbering] Switched from None to by_material.
[enforce_tdt] Updated 6 fuel mixture indices from TDT file.
[enforce_tdt] Also stored 3 non-fuel mixture indices: {'COOLANT': 1, 'CLAD': 2, 'GAP': 3}
[enforce_tdt] Stored TDT indices for step 'SSH' in mix state history.
[identify_mixes] Found 1 generating mixes and 5 daughter mixes.
[SSH Step] Applied TDT indices for step 'SSH'. 
These indices define the initial LIB numbering.
Generating MIX procedure 'MIX' with LIB: ...
[LIB] Setting self-shielded fuel isotopes to: ['U235', 'U238', 'U234']
[LIB] Wrote procedure to /home/loutre/PHDCODE/glow_env/glow/glow_data/starterDD_outputs/AT10/AT10_45Gd/1L_scheme/MIX.c2m
[enforce_tdt] Updated 6 fuel mixture indices from TDT file.
[enforce_tdt] Also stored 3 non-fuel mixture indices: {'COOLANT': 1, 'CLAD': 2, 'GAP': 3}
[enforce_tdt] Stored TDT indices for step 'FLUXL1' in mix state history.
[identify_mixes] Found 1 generating mixes and 5 daughter mixes.
[MIXEQ] No strategy transitions detected - no MIXEQ procedures generated
[TRK] Wrote procedure to /home/loutre/PHDCODE/glow_env/glow/glow_data/starterDD_outputs/AT10/AT10_45Gd/1L_scheme/TRK.c2m
[EDI_COMPO] Wrote procedure to /home/loutre/PHDCODE/glow_env/glow/glow_data/starterDD_outputs/AT10/AT10_45Gd/1L_scheme/EDIR.c2m
[x2m] Wrote /home/loutre/PHDCODE/glow_env/glow/glow_data/starterDD_outputs/AT10/AT10_45Gd/1L_scheme/AT10_45Gd.x2m
Running Dragon... This may take a few moments.
Using Dragon executable: /home/loutre/PHDCODE/5.1/Dragon/bin/Linux_x86_64/Dragon
Draglibs path used: /home/loutre/PHDCODE/libraries/l_endian/draglibendfb8r1SHEM295_v5p1
Dragon run completed.
Success: True
keff:    0.4297154
Time:    53.2s
Results: /home/loutre/PHDCODE/glow_env/glow/glow_data/ATRIUM10_cases/pincells/results/AT10_45Gd/PT_CP_1L_MOC/2026-04-06T18-48-53
Serpent2 reference keff for endfb8r1: 0.431421
Delta keff (pcm): -170.56 pcm
[set_uniform_temperatures] Setting uniform temperatures: fuel=900.0 K, gap=600.0 K, coolant=600.0 K, moderator=600.0 K, structural=600.0 K.
[set_uniform_temperatures] Setting uniform temperatures: fuel=900.0 K, gap=600.0 K, coolant=600.0 K, moderator=600.0 K, structural=600.0 K.
Analyzing lattice description and building lattice data structure with pin models based on the geometry description ...
Created : Pin with fuel material 45Gd subdivided into radial zones with radii [0.4435, 0.452, 0.514] based on self-shielding option default.
Creating MaterialMixture for '45Gd_zone_1' with base material '45Gd' and mix index 1...
Creating MaterialMixture for '45Gd_zone_2' with base material '45Gd' and mix index 2...
Creating MaterialMixture for '45Gd_zone_3' with base material '45Gd' and mix index 3...
Creating MaterialMixture for '45Gd_zone_4' with base material '45Gd' and mix index 4...
Creating MaterialMixture for '45Gd_zone_5' with base material '45Gd' and mix index 5...
Creating MaterialMixture for '45Gd_zone_6' with base material '45Gd' and mix index 6...
[by_material] Created 6 fuel material mixtures for 1 unique fuel materials.
[apply_mix_numbering] Switched from None to by_material.
[enforce_tdt] Updated 6 fuel mixture indices from TDT file.
[enforce_tdt] Also stored 3 non-fuel mixture indices: {'COOLANT': 1, 'CLAD': 2, 'GAP': 3}
[enforce_tdt] Stored TDT indices for step 'SSH' in mix state history.
[identify_mixes] Found 1 generating mixes and 5 daughter mixes.
[SSH Step] Applied TDT indices for step 'SSH'. 
These indices define the initial LIB numbering.
Generating MIX procedure 'MIX' with LIB: ...
[LIB] Setting self-shielded fuel isotopes to: ['U235', 'U238', 'U234']
[LIB] Wrote procedure to /home/loutre/PHDCODE/glow_env/glow/glow_data/starterDD_outputs/AT10/AT10_45Gd/1L_scheme/MIX.c2m
[enforce_tdt] Updated 6 fuel mixture indices from TDT file.
[enforce_tdt] Also stored 3 non-fuel mixture indices: {'COOLANT': 1, 'CLAD': 2, 'GAP': 3}
[enforce_tdt] Stored TDT indices for step 'FLUXL1' in mix state history.
[identify_mixes] Found 1 generating mixes and 5 daughter mixes.
[MIXEQ] No strategy transitions detected - no MIXEQ procedures generated
[TRK] Wrote procedure to /home/loutre/PHDCODE/glow_env/glow/glow_data/starterDD_outputs/AT10/AT10_45Gd/1L_scheme/TRK.c2m
[EDI_COMPO] Wrote procedure to /home/loutre/PHDCODE/glow_env/glow/glow_data/starterDD_outputs/AT10/AT10_45Gd/1L_scheme/EDIR.c2m
[x2m] Wrote /home/loutre/PHDCODE/glow_env/glow/glow_data/starterDD_outputs/AT10/AT10_45Gd/1L_scheme/AT10_45Gd.x2m
Running Dragon... This may take a few moments.
Using Dragon executable: /home/loutre/PHDCODE/5.1/Dragon/bin/Linux_x86_64/Dragon
Draglibs path used: /home/loutre/PHDCODE/libraries/l_endian/draglibendfb8r1SHEM295_v5p1
Dragon run completed.
Success: True
keff:    0.4285858
Time:    26.6s
Results: /home/loutre/PHDCODE/glow_env/glow/glow_data/ATRIUM10_cases/pincells/results/AT10_45Gd/PT_CP_1L_MOC/2026-04-06T18-49-46
Serpent2 reference keff for endfb8r1: 0.431421
Delta keff (pcm): -283.52 pcm
[set_uniform_temperatures] Setting uniform temperatures: fuel=900.0 K, gap=600.0 K, coolant=600.0 K, moderator=600.0 K, structural=600.0 K.
[set_uniform_temperatures] Setting uniform temperatures: fuel=900.0 K, gap=600.0 K, coolant=600.0 K, moderator=600.0 K, structural=600.0 K.
Analyzing lattice description and building lattice data structure with pin models based on the geometry description ...
Created : Pin with fuel material 45Gd subdivided into radial zones with radii [0.4435, 0.452, 0.514] based on self-shielding option default.
Creating MaterialMixture for '45Gd_zone_1' with base material '45Gd' and mix index 1...
Creating MaterialMixture for '45Gd_zone_2' with base material '45Gd' and mix index 2...
Creating MaterialMixture for '45Gd_zone_3' with base material '45Gd' and mix index 3...
Creating MaterialMixture for '45Gd_zone_4' with base material '45Gd' and mix index 4...
Creating MaterialMixture for '45Gd_zone_5' with base material '45Gd' and mix index 5...
Creating MaterialMixture for '45Gd_zone_6' with base material '45Gd' and mix index 6...
[by_material] Created 6 fuel material mixtures for 1 unique fuel materials.
[apply_mix_numbering] Switched from None to by_material.
[enforce_tdt] Updated 6 fuel mixture indices from TDT file.
[enforce_tdt] Also stored 3 non-fuel mixture indices: {'COOLANT': 1, 'CLAD': 2, 'GAP': 3}
[enforce_tdt] Stored TDT indices for step 'SSH' in mix state history.
[identify_mixes] Found 1 generating mixes and 5 daughter mixes.
[SSH Step] Applied TDT indices for step 'SSH'. 
These indices define the initial LIB numbering.
Generating MIX procedure 'MIX' with LIB: ...
[LIB] Setting self-shielded fuel isotopes to: ['U235', 'U238', 'U234']
[LIB] Wrote procedure to /home/loutre/PHDCODE/glow_env/glow/glow_data/starterDD_outputs/AT10/AT10_45Gd/1L_scheme/MIX.c2m
[enforce_tdt] Updated 6 fuel mixture indices from TDT file.
[enforce_tdt] Also stored 3 non-fuel mixture indices: {'COOLANT': 1, 'CLAD': 2, 'GAP': 3}
[enforce_tdt] Stored TDT indices for step 'FLUXL1' in mix state history.
[identify_mixes] Found 1 generating mixes and 5 daughter mixes.
[MIXEQ] No strategy transitions detected - no MIXEQ procedures generated
[TRK] Wrote procedure to /home/loutre/PHDCODE/glow_env/glow/glow_data/starterDD_outputs/AT10/AT10_45Gd/1L_scheme/TRK.c2m
[EDI_COMPO] Wrote procedure to /home/loutre/PHDCODE/glow_env/glow/glow_data/starterDD_outputs/AT10/AT10_45Gd/1L_scheme/EDIR.c2m
[x2m] Wrote /home/loutre/PHDCODE/glow_env/glow/glow_data/starterDD_outputs/AT10/AT10_45Gd/1L_scheme/AT10_45Gd.x2m
Running Dragon... This may take a few moments.
Using Dragon executable: /home/loutre/PHDCODE/5.1/Dragon/bin/Linux_x86_64/Dragon
Draglibs path used: /home/loutre/PHDCODE/libraries/l_endian/draglibendfb8r1SHEM295_v5p1
Dragon run completed.
Success: True
keff:    0.4292047
Time:    27.5s
Results: /home/loutre/PHDCODE/glow_env/glow/glow_data/ATRIUM10_cases/pincells/results/AT10_45Gd/PT_CP_1L_MOC/2026-04-06T18-50-13
Serpent2 reference keff for endfb8r1: 0.431421
Delta keff (pcm): -221.63 pcm
[set_uniform_temperatures] Setting uniform temperatures: fuel=900.0 K, gap=600.0 K, coolant=600.0 K, moderator=600.0 K, structural=600.0 K.
[set_uniform_temperatures] Setting uniform temperatures: fuel=900.0 K, gap=600.0 K, coolant=600.0 K, moderator=600.0 K, structural=600.0 K.
Analyzing lattice description and building lattice data structure with pin models based on the geometry description ...
Created : Pin with fuel material 45Gd subdivided into radial zones with radii [0.4435, 0.452, 0.514] based on self-shielding option default.
Creating MaterialMixture for '45Gd_zone_1' with base material '45Gd' and mix index 1...
Creating MaterialMixture for '45Gd_zone_2' with base material '45Gd' and mix index 2...
Creating MaterialMixture for '45Gd_zone_3' with base material '45Gd' and mix index 3...
Creating MaterialMixture for '45Gd_zone_4' with base material '45Gd' and mix index 4...
Creating MaterialMixture for '45Gd_zone_5' with base material '45Gd' and mix index 5...
Creating MaterialMixture for '45Gd_zone_6' with base material '45Gd' and mix index 6...
[by_material] Created 6 fuel material mixtures for 1 unique fuel materials.
[apply_mix_numbering] Switched from None to by_material.
[enforce_tdt] Updated 6 fuel mixture indices from TDT file.
[enforce_tdt] Also stored 3 non-fuel mixture indices: {'COOLANT': 1, 'CLAD': 2, 'GAP': 3}
[enforce_tdt] Stored TDT indices for step 'SSH' in mix state history.
[identify_mixes] Found 1 generating mixes and 5 daughter mixes.
[SSH Step] Applied TDT indices for step 'SSH'. 
These indices define the initial LIB numbering.
Generating MIX procedure 'MIX' with LIB: ...
[LIB] Setting self-shielded fuel isotopes to: ['U235', 'U238', 'U234']
[LIB] Wrote procedure to /home/loutre/PHDCODE/glow_env/glow/glow_data/starterDD_outputs/AT10/AT10_45Gd/1L_scheme/MIX.c2m
[enforce_tdt] Updated 6 fuel mixture indices from TDT file.
[enforce_tdt] Also stored 3 non-fuel mixture indices: {'COOLANT': 1, 'CLAD': 2, 'GAP': 3}
[enforce_tdt] Stored TDT indices for step 'FLUXL1' in mix state history.
[identify_mixes] Found 1 generating mixes and 5 daughter mixes.
[MIXEQ] No strategy transitions detected - no MIXEQ procedures generated
[TRK] Wrote procedure to /home/loutre/PHDCODE/glow_env/glow/glow_data/starterDD_outputs/AT10/AT10_45Gd/1L_scheme/TRK.c2m
[EDI_COMPO] Wrote procedure to /home/loutre/PHDCODE/glow_env/glow/glow_data/starterDD_outputs/AT10/AT10_45Gd/1L_scheme/EDIR.c2m
[x2m] Wrote /home/loutre/PHDCODE/glow_env/glow/glow_data/starterDD_outputs/AT10/AT10_45Gd/1L_scheme/AT10_45Gd.x2m
Running Dragon... This may take a few moments.
Using Dragon executable: /home/loutre/PHDCODE/5.1/Dragon/bin/Linux_x86_64/Dragon
Draglibs path used: /home/loutre/PHDCODE/libraries/l_endian/draglibendfb8r1SHEM295_v5p1
Dragon run completed.
Success: True
keff:    0.4292308
Time:    26.1s
Results: /home/loutre/PHDCODE/glow_env/glow/glow_data/ATRIUM10_cases/pincells/results/AT10_45Gd/PT_CP_1L_MOC/2026-04-06T18-50-41
Serpent2 reference keff for endfb8r1: 0.431421
Delta keff (pcm): -219.02 pcm
[set_uniform_temperatures] Setting uniform temperatures: fuel=900.0 K, gap=600.0 K, coolant=600.0 K, moderator=600.0 K, structural=600.0 K.
[set_uniform_temperatures] Setting uniform temperatures: fuel=900.0 K, gap=600.0 K, coolant=600.0 K, moderator=600.0 K, structural=600.0 K.
Analyzing lattice description and building lattice data structure with pin models based on the geometry description ...
Created : Pin with fuel material 45Gd subdivided into radial zones with radii [0.4435, 0.452, 0.514] based on self-shielding option default.
Creating MaterialMixture for '45Gd_zone_1' with base material '45Gd' and mix index 1...
Creating MaterialMixture for '45Gd_zone_2' with base material '45Gd' and mix index 2...
Creating MaterialMixture for '45Gd_zone_3' with base material '45Gd' and mix index 3...
Creating MaterialMixture for '45Gd_zone_4' with base material '45Gd' and mix index 4...
Creating MaterialMixture for '45Gd_zone_5' with base material '45Gd' and mix index 5...
Creating MaterialMixture for '45Gd_zone_6' with base material '45Gd' and mix index 6...
[by_material] Created 6 fuel material mixtures for 1 unique fuel materials.
[apply_mix_numbering] Switched from None to by_material.
[enforce_tdt] Updated 6 fuel mixture indices from TDT file.
[enforce_tdt] Also stored 3 non-fuel mixture indices: {'COOLANT': 1, 'CLAD': 2, 'GAP': 3}
[enforce_tdt] Stored TDT indices for step 'SSH' in mix state history.
[identify_mixes] Found 1 generating mixes and 5 daughter mixes.
[SSH Step] Applied TDT indices for step 'SSH'. 
These indices define the initial LIB numbering.
Generating MIX procedure 'MIX' with LIB: ...
[LIB] Setting self-shielded fuel isotopes to: ['U235', 'U238', 'U234']
[LIB] Wrote procedure to /home/loutre/PHDCODE/glow_env/glow/glow_data/starterDD_outputs/AT10/AT10_45Gd/1L_scheme/MIX.c2m
[enforce_tdt] Updated 6 fuel mixture indices from TDT file.
[enforce_tdt] Also stored 3 non-fuel mixture indices: {'COOLANT': 1, 'CLAD': 2, 'GAP': 3}
[enforce_tdt] Stored TDT indices for step 'FLUXL1' in mix state history.
[identify_mixes] Found 1 generating mixes and 5 daughter mixes.
[MIXEQ] No strategy transitions detected - no MIXEQ procedures generated
[TRK] Wrote procedure to /home/loutre/PHDCODE/glow_env/glow/glow_data/starterDD_outputs/AT10/AT10_45Gd/1L_scheme/TRK.c2m
[EDI_COMPO] Wrote procedure to /home/loutre/PHDCODE/glow_env/glow/glow_data/starterDD_outputs/AT10/AT10_45Gd/1L_scheme/EDIR.c2m
[x2m] Wrote /home/loutre/PHDCODE/glow_env/glow/glow_data/starterDD_outputs/AT10/AT10_45Gd/1L_scheme/AT10_45Gd.x2m
Running Dragon... This may take a few moments.
Using Dragon executable: /home/loutre/PHDCODE/5.1/Dragon/bin/Linux_x86_64/Dragon
Draglibs path used: /home/loutre/PHDCODE/libraries/l_endian/draglibendfb8r1SHEM295_v5p1
Dragon run completed.
Success: True
keff:    0.4289232
Time:    30.1s
Results: /home/loutre/PHDCODE/glow_env/glow/glow_data/ATRIUM10_cases/pincells/results/AT10_45Gd/PT_CP_1L_MOC/2026-04-06T18-51-07
Serpent2 reference keff for endfb8r1: 0.431421
Delta keff (pcm): -249.78 pcm
[set_uniform_temperatures] Setting uniform temperatures: fuel=900.0 K, gap=600.0 K, coolant=600.0 K, moderator=600.0 K, structural=600.0 K.
[set_uniform_temperatures] Setting uniform temperatures: fuel=900.0 K, gap=600.0 K, coolant=600.0 K, moderator=600.0 K, structural=600.0 K.
Analyzing lattice description and building lattice data structure with pin models based on the geometry description ...
Created : Pin with fuel material 45Gd subdivided into radial zones with radii [0.4435, 0.452, 0.514] based on self-shielding option default.
Creating MaterialMixture for '45Gd_zone_1' with base material '45Gd' and mix index 1...
Creating MaterialMixture for '45Gd_zone_2' with base material '45Gd' and mix index 2...
Creating MaterialMixture for '45Gd_zone_3' with base material '45Gd' and mix index 3...
Creating MaterialMixture for '45Gd_zone_4' with base material '45Gd' and mix index 4...
Creating MaterialMixture for '45Gd_zone_5' with base material '45Gd' and mix index 5...
Creating MaterialMixture for '45Gd_zone_6' with base material '45Gd' and mix index 6...
[by_material] Created 6 fuel material mixtures for 1 unique fuel materials.
[apply_mix_numbering] Switched from None to by_material.
[enforce_tdt] Updated 6 fuel mixture indices from TDT file.
[enforce_tdt] Also stored 3 non-fuel mixture indices: {'COOLANT': 1, 'CLAD': 2, 'GAP': 3}
[enforce_tdt] Stored TDT indices for step 'SSH' in mix state history.
[identify_mixes] Found 1 generating mixes and 5 daughter mixes.
[SSH Step] Applied TDT indices for step 'SSH'. 
These indices define the initial LIB numbering.
Generating MIX procedure 'MIX' with LIB: ...
[LIB] Setting self-shielded fuel isotopes to: ['U235', 'U238', 'U234']
[LIB] Wrote procedure to /home/loutre/PHDCODE/glow_env/glow/glow_data/starterDD_outputs/AT10/AT10_45Gd/1L_scheme/MIX.c2m
[enforce_tdt] Updated 6 fuel mixture indices from TDT file.
[enforce_tdt] Also stored 3 non-fuel mixture indices: {'COOLANT': 1, 'CLAD': 2, 'GAP': 3}
[enforce_tdt] Stored TDT indices for step 'FLUXL1' in mix state history.
[identify_mixes] Found 1 generating mixes and 5 daughter mixes.
[MIXEQ] No strategy transitions detected - no MIXEQ procedures generated
[TRK] Wrote procedure to /home/loutre/PHDCODE/glow_env/glow/glow_data/starterDD_outputs/AT10/AT10_45Gd/1L_scheme/TRK.c2m
[EDI_COMPO] Wrote procedure to /home/loutre/PHDCODE/glow_env/glow/glow_data/starterDD_outputs/AT10/AT10_45Gd/1L_scheme/EDIR.c2m
[x2m] Wrote /home/loutre/PHDCODE/glow_env/glow/glow_data/starterDD_outputs/AT10/AT10_45Gd/1L_scheme/AT10_45Gd.x2m
Running Dragon... This may take a few moments.
Using Dragon executable: /home/loutre/PHDCODE/5.1/Dragon/bin/Linux_x86_64/Dragon
Draglibs path used: /home/loutre/PHDCODE/libraries/l_endian/draglibendfb8r1SHEM295_v5p1
Dragon run completed.
Success: True
keff:    0.4292517
Time:    22.4s
Results: /home/loutre/PHDCODE/glow_env/glow/glow_data/ATRIUM10_cases/pincells/results/AT10_45Gd/PT_CP_1L_MOC/2026-04-06T18-51-37
Serpent2 reference keff for endfb8r1: 0.431421
Delta keff (pcm): -216.93 pcm
[set_uniform_temperatures] Setting uniform temperatures: fuel=900.0 K, gap=600.0 K, coolant=600.0 K, moderator=600.0 K, structural=600.0 K.
[set_uniform_temperatures] Setting uniform temperatures: fuel=900.0 K, gap=600.0 K, coolant=600.0 K, moderator=600.0 K, structural=600.0 K.
Analyzing lattice description and building lattice data structure with pin models based on the geometry description ...
Created : Pin with fuel material 45Gd subdivided into radial zones with radii [0.4435, 0.452, 0.514] based on self-shielding option default.
Creating MaterialMixture for '45Gd_zone_1' with base material '45Gd' and mix index 1...
Creating MaterialMixture for '45Gd_zone_2' with base material '45Gd' and mix index 2...
Creating MaterialMixture for '45Gd_zone_3' with base material '45Gd' and mix index 3...
Creating MaterialMixture for '45Gd_zone_4' with base material '45Gd' and mix index 4...
Creating MaterialMixture for '45Gd_zone_5' with base material '45Gd' and mix index 5...
Creating MaterialMixture for '45Gd_zone_6' with base material '45Gd' and mix index 6...
[by_material] Created 6 fuel material mixtures for 1 unique fuel materials.
[apply_mix_numbering] Switched from None to by_material.
[enforce_tdt] Updated 6 fuel mixture indices from TDT file.
[enforce_tdt] Also stored 3 non-fuel mixture indices: {'COOLANT': 1, 'CLAD': 2, 'GAP': 3}
[enforce_tdt] Stored TDT indices for step 'SSH' in mix state history.
[identify_mixes] Found 1 generating mixes and 5 daughter mixes.
[SSH Step] Applied TDT indices for step 'SSH'. 
These indices define the initial LIB numbering.
Generating MIX procedure 'MIX' with LIB: ...
[LIB] Setting self-shielded fuel isotopes to: ['U235', 'U238', 'U234']
[LIB] Wrote procedure to /home/loutre/PHDCODE/glow_env/glow/glow_data/starterDD_outputs/AT10/AT10_45Gd/1L_scheme/MIX.c2m
[enforce_tdt] Updated 6 fuel mixture indices from TDT file.
[enforce_tdt] Also stored 3 non-fuel mixture indices: {'COOLANT': 1, 'CLAD': 2, 'GAP': 3}
[enforce_tdt] Stored TDT indices for step 'FLUXL1' in mix state history.
[identify_mixes] Found 1 generating mixes and 5 daughter mixes.
[MIXEQ] No strategy transitions detected - no MIXEQ procedures generated
[TRK] Wrote procedure to /home/loutre/PHDCODE/glow_env/glow/glow_data/starterDD_outputs/AT10/AT10_45Gd/1L_scheme/TRK.c2m
[EDI_COMPO] Wrote procedure to /home/loutre/PHDCODE/glow_env/glow/glow_data/starterDD_outputs/AT10/AT10_45Gd/1L_scheme/EDIR.c2m
[x2m] Wrote /home/loutre/PHDCODE/glow_env/glow/glow_data/starterDD_outputs/AT10/AT10_45Gd/1L_scheme/AT10_45Gd.x2m
Running Dragon... This may take a few moments.
Using Dragon executable: /home/loutre/PHDCODE/5.1/Dragon/bin/Linux_x86_64/Dragon
Draglibs path used: /home/loutre/PHDCODE/libraries/l_endian/draglibendfb8r1SHEM295_v5p1
Dragon run completed.
Success: True
keff:    0.4296488
Time:    37.2s
Results: /home/loutre/PHDCODE/glow_env/glow/glow_data/ATRIUM10_cases/pincells/results/AT10_45Gd/PT_CP_1L_MOC/2026-04-06T18-51-59
Serpent2 reference keff for endfb8r1: 0.431421
Delta keff (pcm): -177.22 pcm
[set_uniform_temperatures] Setting uniform temperatures: fuel=900.0 K, gap=600.0 K, coolant=600.0 K, moderator=600.0 K, structural=600.0 K.
[set_uniform_temperatures] Setting uniform temperatures: fuel=900.0 K, gap=600.0 K, coolant=600.0 K, moderator=600.0 K, structural=600.0 K.
Analyzing lattice description and building lattice data structure with pin models based on the geometry description ...
Created : Pin with fuel material 45Gd subdivided into radial zones with radii [0.4435, 0.452, 0.514] based on self-shielding option default.
Creating MaterialMixture for '45Gd_zone_1' with base material '45Gd' and mix index 1...
Creating MaterialMixture for '45Gd_zone_2' with base material '45Gd' and mix index 2...
Creating MaterialMixture for '45Gd_zone_3' with base material '45Gd' and mix index 3...
Creating MaterialMixture for '45Gd_zone_4' with base material '45Gd' and mix index 4...
Creating MaterialMixture for '45Gd_zone_5' with base material '45Gd' and mix index 5...
Creating MaterialMixture for '45Gd_zone_6' with base material '45Gd' and mix index 6...
[by_material] Created 6 fuel material mixtures for 1 unique fuel materials.
[apply_mix_numbering] Switched from None to by_material.
[enforce_tdt] Updated 6 fuel mixture indices from TDT file.
[enforce_tdt] Also stored 3 non-fuel mixture indices: {'COOLANT': 1, 'CLAD': 2, 'GAP': 3}
[enforce_tdt] Stored TDT indices for step 'SSH' in mix state history.
[identify_mixes] Found 1 generating mixes and 5 daughter mixes.
[SSH Step] Applied TDT indices for step 'SSH'. 
These indices define the initial LIB numbering.
Generating MIX procedure 'MIX' with LIB: ...
[LIB] Setting self-shielded fuel isotopes to: ['U235', 'U238', 'U234', 'Gd155', 'Gd157']
[LIB] Wrote procedure to /home/loutre/PHDCODE/glow_env/glow/glow_data/starterDD_outputs/AT10/AT10_45Gd/1L_scheme/MIX.c2m
[enforce_tdt] Updated 6 fuel mixture indices from TDT file.
[enforce_tdt] Also stored 3 non-fuel mixture indices: {'COOLANT': 1, 'CLAD': 2, 'GAP': 3}
[enforce_tdt] Stored TDT indices for step 'FLUXL1' in mix state history.
[identify_mixes] Found 1 generating mixes and 5 daughter mixes.
[MIXEQ] No strategy transitions detected - no MIXEQ procedures generated
[TRK] Wrote procedure to /home/loutre/PHDCODE/glow_env/glow/glow_data/starterDD_outputs/AT10/AT10_45Gd/1L_scheme/TRK.c2m
[EDI_COMPO] Wrote procedure to /home/loutre/PHDCODE/glow_env/glow/glow_data/starterDD_outputs/AT10/AT10_45Gd/1L_scheme/EDIR.c2m
[x2m] Wrote /home/loutre/PHDCODE/glow_env/glow/glow_data/starterDD_outputs/AT10/AT10_45Gd/1L_scheme/AT10_45Gd.x2m
Running Dragon... This may take a few moments.
Using Dragon executable: /home/loutre/PHDCODE/5.1/Dragon/bin/Linux_x86_64/Dragon
Draglibs path used: /home/loutre/PHDCODE/libraries/l_endian/draglibendfb8r1SHEM295_v5p1
Dragon run completed.
Success: True
keff:    0.4306873
Time:    30.2s
Results: /home/loutre/PHDCODE/glow_env/glow/glow_data/ATRIUM10_cases/pincells/results/AT10_45Gd/PT_CP_1L_MOC/2026-04-06T18-52-37
Serpent2 reference keff for endfb8r1: 0.431421
Delta keff (pcm): -73.37 pcm
[set_uniform_temperatures] Setting uniform temperatures: fuel=900.0 K, gap=600.0 K, coolant=600.0 K, moderator=600.0 K, structural=600.0 K.
[set_uniform_temperatures] Setting uniform temperatures: fuel=900.0 K, gap=600.0 K, coolant=600.0 K, moderator=600.0 K, structural=600.0 K.
Analyzing lattice description and building lattice data structure with pin models based on the geometry description ...
Created : Pin with fuel material 45Gd subdivided into radial zones with radii [0.4435, 0.452, 0.514] based on self-shielding option default.
Creating MaterialMixture for '45Gd_zone_1' with base material '45Gd' and mix index 1...
Creating MaterialMixture for '45Gd_zone_2' with base material '45Gd' and mix index 2...
Creating MaterialMixture for '45Gd_zone_3' with base material '45Gd' and mix index 3...
Creating MaterialMixture for '45Gd_zone_4' with base material '45Gd' and mix index 4...
Creating MaterialMixture for '45Gd_zone_5' with base material '45Gd' and mix index 5...
Creating MaterialMixture for '45Gd_zone_6' with base material '45Gd' and mix index 6...
[by_material] Created 6 fuel material mixtures for 1 unique fuel materials.
[apply_mix_numbering] Switched from None to by_material.
[enforce_tdt] Updated 6 fuel mixture indices from TDT file.
[enforce_tdt] Also stored 3 non-fuel mixture indices: {'COOLANT': 1, 'CLAD': 2, 'GAP': 3}
[enforce_tdt] Stored TDT indices for step 'SSH' in mix state history.
[identify_mixes] Found 1 generating mixes and 5 daughter mixes.
[SSH Step] Applied TDT indices for step 'SSH'. 
These indices define the initial LIB numbering.
Generating MIX procedure 'MIX' with LIB: ...
[LIB] Setting self-shielded fuel isotopes to: ['U235', 'U238', 'U234']
[LIB] Wrote procedure to /home/loutre/PHDCODE/glow_env/glow/glow_data/starterDD_outputs/AT10/AT10_45Gd/1L_scheme/MIX.c2m
[enforce_tdt] Updated 6 fuel mixture indices from TDT file.
[enforce_tdt] Also stored 3 non-fuel mixture indices: {'COOLANT': 1, 'CLAD': 2, 'GAP': 3}
[enforce_tdt] Stored TDT indices for step 'FLUXL1' in mix state history.
[identify_mixes] Found 1 generating mixes and 5 daughter mixes.
[MIXEQ] No strategy transitions detected - no MIXEQ procedures generated
[TRK] Wrote procedure to /home/loutre/PHDCODE/glow_env/glow/glow_data/starterDD_outputs/AT10/AT10_45Gd/1L_scheme/TRK.c2m
[EDI_COMPO] Wrote procedure to /home/loutre/PHDCODE/glow_env/glow/glow_data/starterDD_outputs/AT10/AT10_45Gd/1L_scheme/EDIR.c2m
[x2m] Wrote /home/loutre/PHDCODE/glow_env/glow/glow_data/starterDD_outputs/AT10/AT10_45Gd/1L_scheme/AT10_45Gd.x2m
Running Dragon... This may take a few moments.
Using Dragon executable: /home/loutre/PHDCODE/5.1/Dragon/bin/Linux_x86_64/Dragon
Draglibs path used: /home/loutre/PHDCODE/libraries/l_endian/draglibendfb8r1SHEM295_v5p1
Dragon run completed.
Success: True
keff:    0.4296488
Time:    34.8s
Results: /home/loutre/PHDCODE/glow_env/glow/glow_data/ATRIUM10_cases/pincells/results/AT10_45Gd/PT_CP_1L_MOC/2026-04-06T18-53-07
Serpent2 reference keff for endfb8r1: 0.431421
Delta keff (pcm): -177.22 pcm

============================================================
  DRAGON RESULTS SUMMARY (delta keff in pcm relative to Serpent2 reference)
============================================================
  PT_CP_TSPC_1L_MOC_TSPC_ANIS1: keff = 0.428652, delta = -276.85 pcm
  PT_CP_TSPC_1L_MOC_TSPC_ANIS2: keff = 0.429272, delta = -214.94 pcm
  PT_CP_TSPC_1L_MOC_TSPC_ANIS2_CTRA: keff = 0.429332, delta = -208.91 pcm
  PT_CP_TSPC_1L_MOC_TSPC_ANIS4: keff = 0.428990, delta = -243.10 pcm
  PT_CP_TSPC_1L_MOC_TISO_ANIS1: keff = 0.429318, delta = -210.29 pcm
  PT_CP_TSPC_1L_MOC_TISO_ANIS2: keff = 0.429920, delta = -150.07 pcm
  PT_CP_TSPC_1L_MOC_TISO_ANIS2_CTRA: keff = 0.429981, delta = -144.02 pcm
  PT_CP_TSPC_1L_MOC_TISO_ANIS4: keff = 0.429715, delta = -170.56 pcm
  PT_CP_TISO_1L_MOC_TSPC_ANIS1: keff = 0.428586, delta = -283.52 pcm
  PT_CP_TISO_1L_MOC_TSPC_ANIS2: keff = 0.429205, delta = -221.63 pcm
  PT_CP_TISO_1L_MOC_TSPC_ANIS2_CTRA: keff = 0.429231, delta = -219.02 pcm
  PT_CP_TISO_1L_MOC_TSPC_ANIS4: keff = 0.428923, delta = -249.78 pcm
  PT_CP_TISO_1L_MOC_TISO_ANIS1: keff = 0.429252, delta = -216.93 pcm
  PT_CP_TISO_1L_MOC_TISO_ANIS2: keff = 0.429649, delta = -177.22 pcm
  PT_CP_TISO_1L_MOC_TISO_ANIS2_CTRA: keff = 0.430687, delta = -73.37 pcm
  PT_CP_TISO_1L_MOC_TISO_ANIS4: keff = 0.429649, delta = -177.22 pcm
============================================================

Results summary saved to: results/results_summary_AT10_45Gd_endfb8r1.csv
