[set_uniform_temperatures] Setting uniform temperatures: fuel=900.0 K, gap=600.0 K, coolant=600.0 K, moderator=600.0 K, structural=600.0 K.
[set_uniform_temperatures] Setting uniform temperatures: fuel=900.0 K, gap=600.0 K, coolant=600.0 K, moderator=600.0 K, structural=600.0 K.
Analyzing lattice description and building lattice data structure with pin models based on the geometry description ...
Created : Pin with fuel material 24UOX subdivided into radial zones with radii [0.4435, 0.452, 0.514] based on self-shielding option default.
Creating MaterialMixture for '24UOX_zone_1' with base material '24UOX' and mix index 1...
Creating MaterialMixture for '24UOX_zone_2' with base material '24UOX' and mix index 2...
Creating MaterialMixture for '24UOX_zone_3' with base material '24UOX' and mix index 3...
Creating MaterialMixture for '24UOX_zone_4' with base material '24UOX' and mix index 4...
[by_material] Created 4 fuel material mixtures for 1 unique fuel materials.
[apply_mix_numbering] Switched from None to by_material.
[enforce_tdt] Updated 4 fuel mixture indices from TDT file.
[enforce_tdt] Also stored 3 non-fuel mixture indices: {'COOLANT': 1, 'CLAD': 2, 'GAP': 3}
[enforce_tdt] Stored TDT indices for step 'SSH' in mix state history.
[identify_mixes] Found 1 generating mixes and 3 daughter mixes.
[SSH Step] Applied TDT indices for step 'SSH'. 
These indices define the initial LIB numbering.
Generating MIX procedure 'MIX' with LIB: ...
[LIB] Setting self-shielded fuel isotopes to: ['U235', 'U238', 'U234']
[LIB] Wrote procedure to /home/loutre/PHDCODE/glow_env/glow/glow_data/starterDD_outputs/AT10/AT10_24UOX/1L_scheme/MIX.c2m
[enforce_tdt] Updated 4 fuel mixture indices from TDT file.
[enforce_tdt] Also stored 3 non-fuel mixture indices: {'COOLANT': 1, 'CLAD': 2, 'GAP': 3}
[enforce_tdt] Stored TDT indices for step 'FLUXL1' in mix state history.
[identify_mixes] Found 1 generating mixes and 3 daughter mixes.
[MIXEQ] No strategy transitions detected - no MIXEQ procedures generated
[TRK] Wrote procedure to /home/loutre/PHDCODE/glow_env/glow/glow_data/starterDD_outputs/AT10/AT10_24UOX/1L_scheme/TRK.c2m
[EDI_COMPO] Wrote procedure to /home/loutre/PHDCODE/glow_env/glow/glow_data/starterDD_outputs/AT10/AT10_24UOX/1L_scheme/EDIR.c2m
[x2m] Wrote /home/loutre/PHDCODE/glow_env/glow/glow_data/starterDD_outputs/AT10/AT10_24UOX/1L_scheme/AT10_24UOX.x2m
Running Dragon... This may take a few moments.
Using Dragon executable: /home/loutre/PHDCODE/5.1/Dragon/bin/Linux_x86_64/Dragon
Draglibs path used: /home/loutre/PHDCODE/libraries/l_endian/draglibendfb8r1SHEM295_v5p1
Dragon run completed.
Success: True
keff:    1.236798
Time:    31.6s
Results: /home/loutre/PHDCODE/glow_env/glow/glow_data/ATRIUM10_cases/pincells/results/AT10_24UOX/PT_CP_1L_MOC/2026-04-06T18-44-05
Serpent2 reference keff for endfb8r1: 1.23734
Delta keff (pcm): -54.20 pcm
[set_uniform_temperatures] Setting uniform temperatures: fuel=900.0 K, gap=600.0 K, coolant=600.0 K, moderator=600.0 K, structural=600.0 K.
[set_uniform_temperatures] Setting uniform temperatures: fuel=900.0 K, gap=600.0 K, coolant=600.0 K, moderator=600.0 K, structural=600.0 K.
Analyzing lattice description and building lattice data structure with pin models based on the geometry description ...
Created : Pin with fuel material 24UOX subdivided into radial zones with radii [0.4435, 0.452, 0.514] based on self-shielding option default.
Creating MaterialMixture for '24UOX_zone_1' with base material '24UOX' and mix index 1...
Creating MaterialMixture for '24UOX_zone_2' with base material '24UOX' and mix index 2...
Creating MaterialMixture for '24UOX_zone_3' with base material '24UOX' and mix index 3...
Creating MaterialMixture for '24UOX_zone_4' with base material '24UOX' and mix index 4...
[by_material] Created 4 fuel material mixtures for 1 unique fuel materials.
[apply_mix_numbering] Switched from None to by_material.
[enforce_tdt] Updated 4 fuel mixture indices from TDT file.
[enforce_tdt] Also stored 3 non-fuel mixture indices: {'COOLANT': 1, 'CLAD': 2, 'GAP': 3}
[enforce_tdt] Stored TDT indices for step 'SSH' in mix state history.
[identify_mixes] Found 1 generating mixes and 3 daughter mixes.
[SSH Step] Applied TDT indices for step 'SSH'. 
These indices define the initial LIB numbering.
Generating MIX procedure 'MIX' with LIB: ...
[LIB] Setting self-shielded fuel isotopes to: ['U235', 'U238', 'U234']
[LIB] Wrote procedure to /home/loutre/PHDCODE/glow_env/glow/glow_data/starterDD_outputs/AT10/AT10_24UOX/1L_scheme/MIX.c2m
[enforce_tdt] Updated 4 fuel mixture indices from TDT file.
[enforce_tdt] Also stored 3 non-fuel mixture indices: {'COOLANT': 1, 'CLAD': 2, 'GAP': 3}
[enforce_tdt] Stored TDT indices for step 'FLUXL1' in mix state history.
[identify_mixes] Found 1 generating mixes and 3 daughter mixes.
[MIXEQ] No strategy transitions detected - no MIXEQ procedures generated
[TRK] Wrote procedure to /home/loutre/PHDCODE/glow_env/glow/glow_data/starterDD_outputs/AT10/AT10_24UOX/1L_scheme/TRK.c2m
[EDI_COMPO] Wrote procedure to /home/loutre/PHDCODE/glow_env/glow/glow_data/starterDD_outputs/AT10/AT10_24UOX/1L_scheme/EDIR.c2m
[x2m] Wrote /home/loutre/PHDCODE/glow_env/glow/glow_data/starterDD_outputs/AT10/AT10_24UOX/1L_scheme/AT10_24UOX.x2m
Running Dragon... This may take a few moments.
Using Dragon executable: /home/loutre/PHDCODE/5.1/Dragon/bin/Linux_x86_64/Dragon
Draglibs path used: /home/loutre/PHDCODE/libraries/l_endian/draglibendfb8r1SHEM295_v5p1
Dragon run completed.
Success: True
keff:    1.236357
Time:    32.6s
Results: /home/loutre/PHDCODE/glow_env/glow/glow_data/ATRIUM10_cases/pincells/results/AT10_24UOX/PT_CP_1L_MOC/2026-04-06T18-44-36
Serpent2 reference keff for endfb8r1: 1.23734
Delta keff (pcm): -98.30 pcm
[set_uniform_temperatures] Setting uniform temperatures: fuel=900.0 K, gap=600.0 K, coolant=600.0 K, moderator=600.0 K, structural=600.0 K.
[set_uniform_temperatures] Setting uniform temperatures: fuel=900.0 K, gap=600.0 K, coolant=600.0 K, moderator=600.0 K, structural=600.0 K.
Analyzing lattice description and building lattice data structure with pin models based on the geometry description ...
Created : Pin with fuel material 24UOX subdivided into radial zones with radii [0.4435, 0.452, 0.514] based on self-shielding option default.
Creating MaterialMixture for '24UOX_zone_1' with base material '24UOX' and mix index 1...
Creating MaterialMixture for '24UOX_zone_2' with base material '24UOX' and mix index 2...
Creating MaterialMixture for '24UOX_zone_3' with base material '24UOX' and mix index 3...
Creating MaterialMixture for '24UOX_zone_4' with base material '24UOX' and mix index 4...
[by_material] Created 4 fuel material mixtures for 1 unique fuel materials.
[apply_mix_numbering] Switched from None to by_material.
[enforce_tdt] Updated 4 fuel mixture indices from TDT file.
[enforce_tdt] Also stored 3 non-fuel mixture indices: {'COOLANT': 1, 'CLAD': 2, 'GAP': 3}
[enforce_tdt] Stored TDT indices for step 'SSH' in mix state history.
[identify_mixes] Found 1 generating mixes and 3 daughter mixes.
[SSH Step] Applied TDT indices for step 'SSH'. 
These indices define the initial LIB numbering.
Generating MIX procedure 'MIX' with LIB: ...
[LIB] Setting self-shielded fuel isotopes to: ['U235', 'U238', 'U234']
[LIB] Wrote procedure to /home/loutre/PHDCODE/glow_env/glow/glow_data/starterDD_outputs/AT10/AT10_24UOX/1L_scheme/MIX.c2m
[enforce_tdt] Updated 4 fuel mixture indices from TDT file.
[enforce_tdt] Also stored 3 non-fuel mixture indices: {'COOLANT': 1, 'CLAD': 2, 'GAP': 3}
[enforce_tdt] Stored TDT indices for step 'FLUXL1' in mix state history.
[identify_mixes] Found 1 generating mixes and 3 daughter mixes.
[MIXEQ] No strategy transitions detected - no MIXEQ procedures generated
[TRK] Wrote procedure to /home/loutre/PHDCODE/glow_env/glow/glow_data/starterDD_outputs/AT10/AT10_24UOX/1L_scheme/TRK.c2m
[EDI_COMPO] Wrote procedure to /home/loutre/PHDCODE/glow_env/glow/glow_data/starterDD_outputs/AT10/AT10_24UOX/1L_scheme/EDIR.c2m
[x2m] Wrote /home/loutre/PHDCODE/glow_env/glow/glow_data/starterDD_outputs/AT10/AT10_24UOX/1L_scheme/AT10_24UOX.x2m
Running Dragon... This may take a few moments.
Using Dragon executable: /home/loutre/PHDCODE/5.1/Dragon/bin/Linux_x86_64/Dragon
Draglibs path used: /home/loutre/PHDCODE/libraries/l_endian/draglibendfb8r1SHEM295_v5p1
Dragon run completed.
Success: True
keff:    1.236525
Time:    33.1s
Results: /home/loutre/PHDCODE/glow_env/glow/glow_data/ATRIUM10_cases/pincells/results/AT10_24UOX/PT_CP_1L_MOC/2026-04-06T18-45-09
Serpent2 reference keff for endfb8r1: 1.23734
Delta keff (pcm): -81.50 pcm
[set_uniform_temperatures] Setting uniform temperatures: fuel=900.0 K, gap=600.0 K, coolant=600.0 K, moderator=600.0 K, structural=600.0 K.
[set_uniform_temperatures] Setting uniform temperatures: fuel=900.0 K, gap=600.0 K, coolant=600.0 K, moderator=600.0 K, structural=600.0 K.
Analyzing lattice description and building lattice data structure with pin models based on the geometry description ...
Created : Pin with fuel material 24UOX subdivided into radial zones with radii [0.4435, 0.452, 0.514] based on self-shielding option default.
Creating MaterialMixture for '24UOX_zone_1' with base material '24UOX' and mix index 1...
Creating MaterialMixture for '24UOX_zone_2' with base material '24UOX' and mix index 2...
Creating MaterialMixture for '24UOX_zone_3' with base material '24UOX' and mix index 3...
Creating MaterialMixture for '24UOX_zone_4' with base material '24UOX' and mix index 4...
[by_material] Created 4 fuel material mixtures for 1 unique fuel materials.
[apply_mix_numbering] Switched from None to by_material.
[enforce_tdt] Updated 4 fuel mixture indices from TDT file.
[enforce_tdt] Also stored 3 non-fuel mixture indices: {'COOLANT': 1, 'CLAD': 2, 'GAP': 3}
[enforce_tdt] Stored TDT indices for step 'SSH' in mix state history.
[identify_mixes] Found 1 generating mixes and 3 daughter mixes.
[SSH Step] Applied TDT indices for step 'SSH'. 
These indices define the initial LIB numbering.
Generating MIX procedure 'MIX' with LIB: ...
[LIB] Setting self-shielded fuel isotopes to: ['U235', 'U238', 'U234']
[LIB] Wrote procedure to /home/loutre/PHDCODE/glow_env/glow/glow_data/starterDD_outputs/AT10/AT10_24UOX/1L_scheme/MIX.c2m
[enforce_tdt] Updated 4 fuel mixture indices from TDT file.
[enforce_tdt] Also stored 3 non-fuel mixture indices: {'COOLANT': 1, 'CLAD': 2, 'GAP': 3}
[enforce_tdt] Stored TDT indices for step 'FLUXL1' in mix state history.
[identify_mixes] Found 1 generating mixes and 3 daughter mixes.
[MIXEQ] No strategy transitions detected - no MIXEQ procedures generated
[TRK] Wrote procedure to /home/loutre/PHDCODE/glow_env/glow/glow_data/starterDD_outputs/AT10/AT10_24UOX/1L_scheme/TRK.c2m
[EDI_COMPO] Wrote procedure to /home/loutre/PHDCODE/glow_env/glow/glow_data/starterDD_outputs/AT10/AT10_24UOX/1L_scheme/EDIR.c2m
[x2m] Wrote /home/loutre/PHDCODE/glow_env/glow/glow_data/starterDD_outputs/AT10/AT10_24UOX/1L_scheme/AT10_24UOX.x2m
Running Dragon... This may take a few moments.
Using Dragon executable: /home/loutre/PHDCODE/5.1/Dragon/bin/Linux_x86_64/Dragon
Draglibs path used: /home/loutre/PHDCODE/libraries/l_endian/draglibendfb8r1SHEM295_v5p1
Dragon run completed.
Success: True
keff:    1.236749
Time:    39.0s
Results: /home/loutre/PHDCODE/glow_env/glow/glow_data/ATRIUM10_cases/pincells/results/AT10_24UOX/PT_CP_1L_MOC/2026-04-06T18-45-42
Serpent2 reference keff for endfb8r1: 1.23734
Delta keff (pcm): -59.10 pcm
[set_uniform_temperatures] Setting uniform temperatures: fuel=900.0 K, gap=600.0 K, coolant=600.0 K, moderator=600.0 K, structural=600.0 K.
[set_uniform_temperatures] Setting uniform temperatures: fuel=900.0 K, gap=600.0 K, coolant=600.0 K, moderator=600.0 K, structural=600.0 K.
Analyzing lattice description and building lattice data structure with pin models based on the geometry description ...
Created : Pin with fuel material 24UOX subdivided into radial zones with radii [0.4435, 0.452, 0.514] based on self-shielding option default.
Creating MaterialMixture for '24UOX_zone_1' with base material '24UOX' and mix index 1...
Creating MaterialMixture for '24UOX_zone_2' with base material '24UOX' and mix index 2...
Creating MaterialMixture for '24UOX_zone_3' with base material '24UOX' and mix index 3...
Creating MaterialMixture for '24UOX_zone_4' with base material '24UOX' and mix index 4...
[by_material] Created 4 fuel material mixtures for 1 unique fuel materials.
[apply_mix_numbering] Switched from None to by_material.
[enforce_tdt] Updated 4 fuel mixture indices from TDT file.
[enforce_tdt] Also stored 3 non-fuel mixture indices: {'COOLANT': 1, 'CLAD': 2, 'GAP': 3}
[enforce_tdt] Stored TDT indices for step 'SSH' in mix state history.
[identify_mixes] Found 1 generating mixes and 3 daughter mixes.
[SSH Step] Applied TDT indices for step 'SSH'. 
These indices define the initial LIB numbering.
Generating MIX procedure 'MIX' with LIB: ...
[LIB] Setting self-shielded fuel isotopes to: ['U235', 'U238', 'U234']
[LIB] Wrote procedure to /home/loutre/PHDCODE/glow_env/glow/glow_data/starterDD_outputs/AT10/AT10_24UOX/1L_scheme/MIX.c2m
[enforce_tdt] Updated 4 fuel mixture indices from TDT file.
[enforce_tdt] Also stored 3 non-fuel mixture indices: {'COOLANT': 1, 'CLAD': 2, 'GAP': 3}
[enforce_tdt] Stored TDT indices for step 'FLUXL1' in mix state history.
[identify_mixes] Found 1 generating mixes and 3 daughter mixes.
[MIXEQ] No strategy transitions detected - no MIXEQ procedures generated
[TRK] Wrote procedure to /home/loutre/PHDCODE/glow_env/glow/glow_data/starterDD_outputs/AT10/AT10_24UOX/1L_scheme/TRK.c2m
[EDI_COMPO] Wrote procedure to /home/loutre/PHDCODE/glow_env/glow/glow_data/starterDD_outputs/AT10/AT10_24UOX/1L_scheme/EDIR.c2m
[x2m] Wrote /home/loutre/PHDCODE/glow_env/glow/glow_data/starterDD_outputs/AT10/AT10_24UOX/1L_scheme/AT10_24UOX.x2m
Running Dragon... This may take a few moments.
Using Dragon executable: /home/loutre/PHDCODE/5.1/Dragon/bin/Linux_x86_64/Dragon
Draglibs path used: /home/loutre/PHDCODE/libraries/l_endian/draglibendfb8r1SHEM295_v5p1
Dragon run completed.
Success: True
keff:    1.23469
Time:    32.5s
Results: /home/loutre/PHDCODE/glow_env/glow/glow_data/ATRIUM10_cases/pincells/results/AT10_24UOX/PT_CP_1L_MOC/2026-04-06T18-46-21
Serpent2 reference keff for endfb8r1: 1.23734
Delta keff (pcm): -265.00 pcm
[set_uniform_temperatures] Setting uniform temperatures: fuel=900.0 K, gap=600.0 K, coolant=600.0 K, moderator=600.0 K, structural=600.0 K.
[set_uniform_temperatures] Setting uniform temperatures: fuel=900.0 K, gap=600.0 K, coolant=600.0 K, moderator=600.0 K, structural=600.0 K.
Analyzing lattice description and building lattice data structure with pin models based on the geometry description ...
Created : Pin with fuel material 24UOX subdivided into radial zones with radii [0.4435, 0.452, 0.514] based on self-shielding option default.
Creating MaterialMixture for '24UOX_zone_1' with base material '24UOX' and mix index 1...
Creating MaterialMixture for '24UOX_zone_2' with base material '24UOX' and mix index 2...
Creating MaterialMixture for '24UOX_zone_3' with base material '24UOX' and mix index 3...
Creating MaterialMixture for '24UOX_zone_4' with base material '24UOX' and mix index 4...
[by_material] Created 4 fuel material mixtures for 1 unique fuel materials.
[apply_mix_numbering] Switched from None to by_material.
[enforce_tdt] Updated 4 fuel mixture indices from TDT file.
[enforce_tdt] Also stored 3 non-fuel mixture indices: {'COOLANT': 1, 'CLAD': 2, 'GAP': 3}
[enforce_tdt] Stored TDT indices for step 'SSH' in mix state history.
[identify_mixes] Found 1 generating mixes and 3 daughter mixes.
[SSH Step] Applied TDT indices for step 'SSH'. 
These indices define the initial LIB numbering.
Generating MIX procedure 'MIX' with LIB: ...
[LIB] Setting self-shielded fuel isotopes to: ['U235', 'U238', 'U234']
[LIB] Wrote procedure to /home/loutre/PHDCODE/glow_env/glow/glow_data/starterDD_outputs/AT10/AT10_24UOX/1L_scheme/MIX.c2m
[enforce_tdt] Updated 4 fuel mixture indices from TDT file.
[enforce_tdt] Also stored 3 non-fuel mixture indices: {'COOLANT': 1, 'CLAD': 2, 'GAP': 3}
[enforce_tdt] Stored TDT indices for step 'FLUXL1' in mix state history.
[identify_mixes] Found 1 generating mixes and 3 daughter mixes.
[MIXEQ] No strategy transitions detected - no MIXEQ procedures generated
[TRK] Wrote procedure to /home/loutre/PHDCODE/glow_env/glow/glow_data/starterDD_outputs/AT10/AT10_24UOX/1L_scheme/TRK.c2m
[EDI_COMPO] Wrote procedure to /home/loutre/PHDCODE/glow_env/glow/glow_data/starterDD_outputs/AT10/AT10_24UOX/1L_scheme/EDIR.c2m
[x2m] Wrote /home/loutre/PHDCODE/glow_env/glow/glow_data/starterDD_outputs/AT10/AT10_24UOX/1L_scheme/AT10_24UOX.x2m
Running Dragon... This may take a few moments.
Using Dragon executable: /home/loutre/PHDCODE/5.1/Dragon/bin/Linux_x86_64/Dragon
Draglibs path used: /home/loutre/PHDCODE/libraries/l_endian/draglibendfb8r1SHEM295_v5p1
Dragon run completed.
Success: True
keff:    1.23425
Time:    38.0s
Results: /home/loutre/PHDCODE/glow_env/glow/glow_data/ATRIUM10_cases/pincells/results/AT10_24UOX/PT_CP_1L_MOC/2026-04-06T18-46-54
Serpent2 reference keff for endfb8r1: 1.23734
Delta keff (pcm): -309.00 pcm
[set_uniform_temperatures] Setting uniform temperatures: fuel=900.0 K, gap=600.0 K, coolant=600.0 K, moderator=600.0 K, structural=600.0 K.
[set_uniform_temperatures] Setting uniform temperatures: fuel=900.0 K, gap=600.0 K, coolant=600.0 K, moderator=600.0 K, structural=600.0 K.
Analyzing lattice description and building lattice data structure with pin models based on the geometry description ...
Created : Pin with fuel material 24UOX subdivided into radial zones with radii [0.4435, 0.452, 0.514] based on self-shielding option default.
Creating MaterialMixture for '24UOX_zone_1' with base material '24UOX' and mix index 1...
Creating MaterialMixture for '24UOX_zone_2' with base material '24UOX' and mix index 2...
Creating MaterialMixture for '24UOX_zone_3' with base material '24UOX' and mix index 3...
Creating MaterialMixture for '24UOX_zone_4' with base material '24UOX' and mix index 4...
[by_material] Created 4 fuel material mixtures for 1 unique fuel materials.
[apply_mix_numbering] Switched from None to by_material.
[enforce_tdt] Updated 4 fuel mixture indices from TDT file.
[enforce_tdt] Also stored 3 non-fuel mixture indices: {'COOLANT': 1, 'CLAD': 2, 'GAP': 3}
[enforce_tdt] Stored TDT indices for step 'SSH' in mix state history.
[identify_mixes] Found 1 generating mixes and 3 daughter mixes.
[SSH Step] Applied TDT indices for step 'SSH'. 
These indices define the initial LIB numbering.
Generating MIX procedure 'MIX' with LIB: ...
[LIB] Setting self-shielded fuel isotopes to: ['U235', 'U238', 'U234']
[LIB] Wrote procedure to /home/loutre/PHDCODE/glow_env/glow/glow_data/starterDD_outputs/AT10/AT10_24UOX/1L_scheme/MIX.c2m
[enforce_tdt] Updated 4 fuel mixture indices from TDT file.
[enforce_tdt] Also stored 3 non-fuel mixture indices: {'COOLANT': 1, 'CLAD': 2, 'GAP': 3}
[enforce_tdt] Stored TDT indices for step 'FLUXL1' in mix state history.
[identify_mixes] Found 1 generating mixes and 3 daughter mixes.
[MIXEQ] No strategy transitions detected - no MIXEQ procedures generated
[TRK] Wrote procedure to /home/loutre/PHDCODE/glow_env/glow/glow_data/starterDD_outputs/AT10/AT10_24UOX/1L_scheme/TRK.c2m
[EDI_COMPO] Wrote procedure to /home/loutre/PHDCODE/glow_env/glow/glow_data/starterDD_outputs/AT10/AT10_24UOX/1L_scheme/EDIR.c2m
[x2m] Wrote /home/loutre/PHDCODE/glow_env/glow/glow_data/starterDD_outputs/AT10/AT10_24UOX/1L_scheme/AT10_24UOX.x2m
Running Dragon... This may take a few moments.
Using Dragon executable: /home/loutre/PHDCODE/5.1/Dragon/bin/Linux_x86_64/Dragon
Draglibs path used: /home/loutre/PHDCODE/libraries/l_endian/draglibendfb8r1SHEM295_v5p1
Dragon run completed.
Success: True
keff:    1.234418
Time:    39.7s
Results: /home/loutre/PHDCODE/glow_env/glow/glow_data/ATRIUM10_cases/pincells/results/AT10_24UOX/PT_CP_1L_MOC/2026-04-06T18-47-32
Serpent2 reference keff for endfb8r1: 1.23734
Delta keff (pcm): -292.20 pcm
[set_uniform_temperatures] Setting uniform temperatures: fuel=900.0 K, gap=600.0 K, coolant=600.0 K, moderator=600.0 K, structural=600.0 K.
[set_uniform_temperatures] Setting uniform temperatures: fuel=900.0 K, gap=600.0 K, coolant=600.0 K, moderator=600.0 K, structural=600.0 K.
Analyzing lattice description and building lattice data structure with pin models based on the geometry description ...
Created : Pin with fuel material 24UOX subdivided into radial zones with radii [0.4435, 0.452, 0.514] based on self-shielding option default.
Creating MaterialMixture for '24UOX_zone_1' with base material '24UOX' and mix index 1...
Creating MaterialMixture for '24UOX_zone_2' with base material '24UOX' and mix index 2...
Creating MaterialMixture for '24UOX_zone_3' with base material '24UOX' and mix index 3...
Creating MaterialMixture for '24UOX_zone_4' with base material '24UOX' and mix index 4...
[by_material] Created 4 fuel material mixtures for 1 unique fuel materials.
[apply_mix_numbering] Switched from None to by_material.
[enforce_tdt] Updated 4 fuel mixture indices from TDT file.
[enforce_tdt] Also stored 3 non-fuel mixture indices: {'COOLANT': 1, 'CLAD': 2, 'GAP': 3}
[enforce_tdt] Stored TDT indices for step 'SSH' in mix state history.
[identify_mixes] Found 1 generating mixes and 3 daughter mixes.
[SSH Step] Applied TDT indices for step 'SSH'. 
These indices define the initial LIB numbering.
Generating MIX procedure 'MIX' with LIB: ...
[LIB] Setting self-shielded fuel isotopes to: ['U235', 'U238', 'U234']
[LIB] Wrote procedure to /home/loutre/PHDCODE/glow_env/glow/glow_data/starterDD_outputs/AT10/AT10_24UOX/1L_scheme/MIX.c2m
[enforce_tdt] Updated 4 fuel mixture indices from TDT file.
[enforce_tdt] Also stored 3 non-fuel mixture indices: {'COOLANT': 1, 'CLAD': 2, 'GAP': 3}
[enforce_tdt] Stored TDT indices for step 'FLUXL1' in mix state history.
[identify_mixes] Found 1 generating mixes and 3 daughter mixes.
[MIXEQ] No strategy transitions detected - no MIXEQ procedures generated
[TRK] Wrote procedure to /home/loutre/PHDCODE/glow_env/glow/glow_data/starterDD_outputs/AT10/AT10_24UOX/1L_scheme/TRK.c2m
[EDI_COMPO] Wrote procedure to /home/loutre/PHDCODE/glow_env/glow/glow_data/starterDD_outputs/AT10/AT10_24UOX/1L_scheme/EDIR.c2m
[x2m] Wrote /home/loutre/PHDCODE/glow_env/glow/glow_data/starterDD_outputs/AT10/AT10_24UOX/1L_scheme/AT10_24UOX.x2m
Running Dragon... This may take a few moments.
Using Dragon executable: /home/loutre/PHDCODE/5.1/Dragon/bin/Linux_x86_64/Dragon
Draglibs path used: /home/loutre/PHDCODE/libraries/l_endian/draglibendfb8r1SHEM295_v5p1
Dragon run completed.
Success: True
keff:    1.23455
Time:    45.8s
Results: /home/loutre/PHDCODE/glow_env/glow/glow_data/ATRIUM10_cases/pincells/results/AT10_24UOX/PT_CP_1L_MOC/2026-04-06T18-48-12
Serpent2 reference keff for endfb8r1: 1.23734
Delta keff (pcm): -279.00 pcm
[set_uniform_temperatures] Setting uniform temperatures: fuel=900.0 K, gap=600.0 K, coolant=600.0 K, moderator=600.0 K, structural=600.0 K.
[set_uniform_temperatures] Setting uniform temperatures: fuel=900.0 K, gap=600.0 K, coolant=600.0 K, moderator=600.0 K, structural=600.0 K.
Analyzing lattice description and building lattice data structure with pin models based on the geometry description ...
Created : Pin with fuel material 24UOX subdivided into radial zones with radii [0.4435, 0.452, 0.514] based on self-shielding option default.
Creating MaterialMixture for '24UOX_zone_1' with base material '24UOX' and mix index 1...
Creating MaterialMixture for '24UOX_zone_2' with base material '24UOX' and mix index 2...
Creating MaterialMixture for '24UOX_zone_3' with base material '24UOX' and mix index 3...
Creating MaterialMixture for '24UOX_zone_4' with base material '24UOX' and mix index 4...
[by_material] Created 4 fuel material mixtures for 1 unique fuel materials.
[apply_mix_numbering] Switched from None to by_material.
[enforce_tdt] Updated 4 fuel mixture indices from TDT file.
[enforce_tdt] Also stored 3 non-fuel mixture indices: {'COOLANT': 1, 'CLAD': 2, 'GAP': 3}
[enforce_tdt] Stored TDT indices for step 'SSH' in mix state history.
[identify_mixes] Found 1 generating mixes and 3 daughter mixes.
[SSH Step] Applied TDT indices for step 'SSH'. 
These indices define the initial LIB numbering.
Generating MIX procedure 'MIX' with LIB: ...
[LIB] Setting self-shielded fuel isotopes to: ['U235', 'U238', 'U234']
[LIB] Wrote procedure to /home/loutre/PHDCODE/glow_env/glow/glow_data/starterDD_outputs/AT10/AT10_24UOX/1L_scheme/MIX.c2m
[enforce_tdt] Updated 4 fuel mixture indices from TDT file.
[enforce_tdt] Also stored 3 non-fuel mixture indices: {'COOLANT': 1, 'CLAD': 2, 'GAP': 3}
[enforce_tdt] Stored TDT indices for step 'FLUXL1' in mix state history.
[identify_mixes] Found 1 generating mixes and 3 daughter mixes.
[MIXEQ] No strategy transitions detected - no MIXEQ procedures generated
[TRK] Wrote procedure to /home/loutre/PHDCODE/glow_env/glow/glow_data/starterDD_outputs/AT10/AT10_24UOX/1L_scheme/TRK.c2m
[EDI_COMPO] Wrote procedure to /home/loutre/PHDCODE/glow_env/glow/glow_data/starterDD_outputs/AT10/AT10_24UOX/1L_scheme/EDIR.c2m
[x2m] Wrote /home/loutre/PHDCODE/glow_env/glow/glow_data/starterDD_outputs/AT10/AT10_24UOX/1L_scheme/AT10_24UOX.x2m
Running Dragon... This may take a few moments.
Using Dragon executable: /home/loutre/PHDCODE/5.1/Dragon/bin/Linux_x86_64/Dragon
Draglibs path used: /home/loutre/PHDCODE/libraries/l_endian/draglibendfb8r1SHEM295_v5p1
Dragon run completed.
Success: True
keff:    1.236383
Time:    21.8s
Results: /home/loutre/PHDCODE/glow_env/glow/glow_data/ATRIUM10_cases/pincells/results/AT10_24UOX/PT_CP_1L_MOC/2026-04-06T18-48-58
Serpent2 reference keff for endfb8r1: 1.23734
Delta keff (pcm): -95.70 pcm
[set_uniform_temperatures] Setting uniform temperatures: fuel=900.0 K, gap=600.0 K, coolant=600.0 K, moderator=600.0 K, structural=600.0 K.
[set_uniform_temperatures] Setting uniform temperatures: fuel=900.0 K, gap=600.0 K, coolant=600.0 K, moderator=600.0 K, structural=600.0 K.
Analyzing lattice description and building lattice data structure with pin models based on the geometry description ...
Created : Pin with fuel material 24UOX subdivided into radial zones with radii [0.4435, 0.452, 0.514] based on self-shielding option default.
Creating MaterialMixture for '24UOX_zone_1' with base material '24UOX' and mix index 1...
Creating MaterialMixture for '24UOX_zone_2' with base material '24UOX' and mix index 2...
Creating MaterialMixture for '24UOX_zone_3' with base material '24UOX' and mix index 3...
Creating MaterialMixture for '24UOX_zone_4' with base material '24UOX' and mix index 4...
[by_material] Created 4 fuel material mixtures for 1 unique fuel materials.
[apply_mix_numbering] Switched from None to by_material.
[enforce_tdt] Updated 4 fuel mixture indices from TDT file.
[enforce_tdt] Also stored 3 non-fuel mixture indices: {'COOLANT': 1, 'CLAD': 2, 'GAP': 3}
[enforce_tdt] Stored TDT indices for step 'SSH' in mix state history.
[identify_mixes] Found 1 generating mixes and 3 daughter mixes.
[SSH Step] Applied TDT indices for step 'SSH'. 
These indices define the initial LIB numbering.
Generating MIX procedure 'MIX' with LIB: ...
[LIB] Setting self-shielded fuel isotopes to: ['U235', 'U238', 'U234']
[LIB] Wrote procedure to /home/loutre/PHDCODE/glow_env/glow/glow_data/starterDD_outputs/AT10/AT10_24UOX/1L_scheme/MIX.c2m
[enforce_tdt] Updated 4 fuel mixture indices from TDT file.
[enforce_tdt] Also stored 3 non-fuel mixture indices: {'COOLANT': 1, 'CLAD': 2, 'GAP': 3}
[enforce_tdt] Stored TDT indices for step 'FLUXL1' in mix state history.
[identify_mixes] Found 1 generating mixes and 3 daughter mixes.
[MIXEQ] No strategy transitions detected - no MIXEQ procedures generated
[TRK] Wrote procedure to /home/loutre/PHDCODE/glow_env/glow/glow_data/starterDD_outputs/AT10/AT10_24UOX/1L_scheme/TRK.c2m
[EDI_COMPO] Wrote procedure to /home/loutre/PHDCODE/glow_env/glow/glow_data/starterDD_outputs/AT10/AT10_24UOX/1L_scheme/EDIR.c2m
[x2m] Wrote /home/loutre/PHDCODE/glow_env/glow/glow_data/starterDD_outputs/AT10/AT10_24UOX/1L_scheme/AT10_24UOX.x2m
Running Dragon... This may take a few moments.
Using Dragon executable: /home/loutre/PHDCODE/5.1/Dragon/bin/Linux_x86_64/Dragon
Draglibs path used: /home/loutre/PHDCODE/libraries/l_endian/draglibendfb8r1SHEM295_v5p1
Dragon run completed.
Success: True
keff:    1.235941
Time:    25.0s
Results: /home/loutre/PHDCODE/glow_env/glow/glow_data/ATRIUM10_cases/pincells/results/AT10_24UOX/PT_CP_1L_MOC/2026-04-06T18-49-19
Serpent2 reference keff for endfb8r1: 1.23734
Delta keff (pcm): -139.90 pcm
[set_uniform_temperatures] Setting uniform temperatures: fuel=900.0 K, gap=600.0 K, coolant=600.0 K, moderator=600.0 K, structural=600.0 K.
[set_uniform_temperatures] Setting uniform temperatures: fuel=900.0 K, gap=600.0 K, coolant=600.0 K, moderator=600.0 K, structural=600.0 K.
Analyzing lattice description and building lattice data structure with pin models based on the geometry description ...
Created : Pin with fuel material 24UOX subdivided into radial zones with radii [0.4435, 0.452, 0.514] based on self-shielding option default.
Creating MaterialMixture for '24UOX_zone_1' with base material '24UOX' and mix index 1...
Creating MaterialMixture for '24UOX_zone_2' with base material '24UOX' and mix index 2...
Creating MaterialMixture for '24UOX_zone_3' with base material '24UOX' and mix index 3...
Creating MaterialMixture for '24UOX_zone_4' with base material '24UOX' and mix index 4...
[by_material] Created 4 fuel material mixtures for 1 unique fuel materials.
[apply_mix_numbering] Switched from None to by_material.
[enforce_tdt] Updated 4 fuel mixture indices from TDT file.
[enforce_tdt] Also stored 3 non-fuel mixture indices: {'COOLANT': 1, 'CLAD': 2, 'GAP': 3}
[enforce_tdt] Stored TDT indices for step 'SSH' in mix state history.
[identify_mixes] Found 1 generating mixes and 3 daughter mixes.
[SSH Step] Applied TDT indices for step 'SSH'. 
These indices define the initial LIB numbering.
Generating MIX procedure 'MIX' with LIB: ...
[LIB] Setting self-shielded fuel isotopes to: ['U235', 'U238', 'U234']
[LIB] Wrote procedure to /home/loutre/PHDCODE/glow_env/glow/glow_data/starterDD_outputs/AT10/AT10_24UOX/1L_scheme/MIX.c2m
[enforce_tdt] Updated 4 fuel mixture indices from TDT file.
[enforce_tdt] Also stored 3 non-fuel mixture indices: {'COOLANT': 1, 'CLAD': 2, 'GAP': 3}
[enforce_tdt] Stored TDT indices for step 'FLUXL1' in mix state history.
[identify_mixes] Found 1 generating mixes and 3 daughter mixes.
[MIXEQ] No strategy transitions detected - no MIXEQ procedures generated
[TRK] Wrote procedure to /home/loutre/PHDCODE/glow_env/glow/glow_data/starterDD_outputs/AT10/AT10_24UOX/1L_scheme/TRK.c2m
[EDI_COMPO] Wrote procedure to /home/loutre/PHDCODE/glow_env/glow/glow_data/starterDD_outputs/AT10/AT10_24UOX/1L_scheme/EDIR.c2m
[x2m] Wrote /home/loutre/PHDCODE/glow_env/glow/glow_data/starterDD_outputs/AT10/AT10_24UOX/1L_scheme/AT10_24UOX.x2m
Running Dragon... This may take a few moments.
Using Dragon executable: /home/loutre/PHDCODE/5.1/Dragon/bin/Linux_x86_64/Dragon
Draglibs path used: /home/loutre/PHDCODE/libraries/l_endian/draglibendfb8r1SHEM295_v5p1
Dragon run completed.
Success: True
keff:    1.236116
Time:    28.4s
Results: /home/loutre/PHDCODE/glow_env/glow/glow_data/ATRIUM10_cases/pincells/results/AT10_24UOX/PT_CP_1L_MOC/2026-04-06T18-49-44
Serpent2 reference keff for endfb8r1: 1.23734
Delta keff (pcm): -122.40 pcm
[set_uniform_temperatures] Setting uniform temperatures: fuel=900.0 K, gap=600.0 K, coolant=600.0 K, moderator=600.0 K, structural=600.0 K.
[set_uniform_temperatures] Setting uniform temperatures: fuel=900.0 K, gap=600.0 K, coolant=600.0 K, moderator=600.0 K, structural=600.0 K.
Analyzing lattice description and building lattice data structure with pin models based on the geometry description ...
Created : Pin with fuel material 24UOX subdivided into radial zones with radii [0.4435, 0.452, 0.514] based on self-shielding option default.
Creating MaterialMixture for '24UOX_zone_1' with base material '24UOX' and mix index 1...
Creating MaterialMixture for '24UOX_zone_2' with base material '24UOX' and mix index 2...
Creating MaterialMixture for '24UOX_zone_3' with base material '24UOX' and mix index 3...
Creating MaterialMixture for '24UOX_zone_4' with base material '24UOX' and mix index 4...
[by_material] Created 4 fuel material mixtures for 1 unique fuel materials.
[apply_mix_numbering] Switched from None to by_material.
[enforce_tdt] Updated 4 fuel mixture indices from TDT file.
[enforce_tdt] Also stored 3 non-fuel mixture indices: {'COOLANT': 1, 'CLAD': 2, 'GAP': 3}
[enforce_tdt] Stored TDT indices for step 'SSH' in mix state history.
[identify_mixes] Found 1 generating mixes and 3 daughter mixes.
[SSH Step] Applied TDT indices for step 'SSH'. 
These indices define the initial LIB numbering.
Generating MIX procedure 'MIX' with LIB: ...
[LIB] Setting self-shielded fuel isotopes to: ['U235', 'U238', 'U234']
[LIB] Wrote procedure to /home/loutre/PHDCODE/glow_env/glow/glow_data/starterDD_outputs/AT10/AT10_24UOX/1L_scheme/MIX.c2m
[enforce_tdt] Updated 4 fuel mixture indices from TDT file.
[enforce_tdt] Also stored 3 non-fuel mixture indices: {'COOLANT': 1, 'CLAD': 2, 'GAP': 3}
[enforce_tdt] Stored TDT indices for step 'FLUXL1' in mix state history.
[identify_mixes] Found 1 generating mixes and 3 daughter mixes.
[MIXEQ] No strategy transitions detected - no MIXEQ procedures generated
[TRK] Wrote procedure to /home/loutre/PHDCODE/glow_env/glow/glow_data/starterDD_outputs/AT10/AT10_24UOX/1L_scheme/TRK.c2m
[EDI_COMPO] Wrote procedure to /home/loutre/PHDCODE/glow_env/glow/glow_data/starterDD_outputs/AT10/AT10_24UOX/1L_scheme/EDIR.c2m
[x2m] Wrote /home/loutre/PHDCODE/glow_env/glow/glow_data/starterDD_outputs/AT10/AT10_24UOX/1L_scheme/AT10_24UOX.x2m
Running Dragon... This may take a few moments.
Using Dragon executable: /home/loutre/PHDCODE/5.1/Dragon/bin/Linux_x86_64/Dragon
Draglibs path used: /home/loutre/PHDCODE/libraries/l_endian/draglibendfb8r1SHEM295_v5p1
Dragon run completed.
Success: True
keff:    1.236333
Time:    29.5s
Results: /home/loutre/PHDCODE/glow_env/glow/glow_data/ATRIUM10_cases/pincells/results/AT10_24UOX/PT_CP_1L_MOC/2026-04-06T18-50-13
Serpent2 reference keff for endfb8r1: 1.23734
Delta keff (pcm): -100.70 pcm
[set_uniform_temperatures] Setting uniform temperatures: fuel=900.0 K, gap=600.0 K, coolant=600.0 K, moderator=600.0 K, structural=600.0 K.
[set_uniform_temperatures] Setting uniform temperatures: fuel=900.0 K, gap=600.0 K, coolant=600.0 K, moderator=600.0 K, structural=600.0 K.
Analyzing lattice description and building lattice data structure with pin models based on the geometry description ...
Created : Pin with fuel material 24UOX subdivided into radial zones with radii [0.4435, 0.452, 0.514] based on self-shielding option default.
Creating MaterialMixture for '24UOX_zone_1' with base material '24UOX' and mix index 1...
Creating MaterialMixture for '24UOX_zone_2' with base material '24UOX' and mix index 2...
Creating MaterialMixture for '24UOX_zone_3' with base material '24UOX' and mix index 3...
Creating MaterialMixture for '24UOX_zone_4' with base material '24UOX' and mix index 4...
[by_material] Created 4 fuel material mixtures for 1 unique fuel materials.
[apply_mix_numbering] Switched from None to by_material.
[enforce_tdt] Updated 4 fuel mixture indices from TDT file.
[enforce_tdt] Also stored 3 non-fuel mixture indices: {'COOLANT': 1, 'CLAD': 2, 'GAP': 3}
[enforce_tdt] Stored TDT indices for step 'SSH' in mix state history.
[identify_mixes] Found 1 generating mixes and 3 daughter mixes.
[SSH Step] Applied TDT indices for step 'SSH'. 
These indices define the initial LIB numbering.
Generating MIX procedure 'MIX' with LIB: ...
[LIB] Setting self-shielded fuel isotopes to: ['U235', 'U238', 'U234']
[LIB] Wrote procedure to /home/loutre/PHDCODE/glow_env/glow/glow_data/starterDD_outputs/AT10/AT10_24UOX/1L_scheme/MIX.c2m
[enforce_tdt] Updated 4 fuel mixture indices from TDT file.
[enforce_tdt] Also stored 3 non-fuel mixture indices: {'COOLANT': 1, 'CLAD': 2, 'GAP': 3}
[enforce_tdt] Stored TDT indices for step 'FLUXL1' in mix state history.
[identify_mixes] Found 1 generating mixes and 3 daughter mixes.
[MIXEQ] No strategy transitions detected - no MIXEQ procedures generated
[TRK] Wrote procedure to /home/loutre/PHDCODE/glow_env/glow/glow_data/starterDD_outputs/AT10/AT10_24UOX/1L_scheme/TRK.c2m
[EDI_COMPO] Wrote procedure to /home/loutre/PHDCODE/glow_env/glow/glow_data/starterDD_outputs/AT10/AT10_24UOX/1L_scheme/EDIR.c2m
[x2m] Wrote /home/loutre/PHDCODE/glow_env/glow/glow_data/starterDD_outputs/AT10/AT10_24UOX/1L_scheme/AT10_24UOX.x2m
Running Dragon... This may take a few moments.
Using Dragon executable: /home/loutre/PHDCODE/5.1/Dragon/bin/Linux_x86_64/Dragon
Draglibs path used: /home/loutre/PHDCODE/libraries/l_endian/draglibendfb8r1SHEM295_v5p1
Dragon run completed.
Success: True
keff:    1.234278
Time:    22.1s
Results: /home/loutre/PHDCODE/glow_env/glow/glow_data/ATRIUM10_cases/pincells/results/AT10_24UOX/PT_CP_1L_MOC/2026-04-06T18-50-42
Serpent2 reference keff for endfb8r1: 1.23734
Delta keff (pcm): -306.20 pcm
[set_uniform_temperatures] Setting uniform temperatures: fuel=900.0 K, gap=600.0 K, coolant=600.0 K, moderator=600.0 K, structural=600.0 K.
[set_uniform_temperatures] Setting uniform temperatures: fuel=900.0 K, gap=600.0 K, coolant=600.0 K, moderator=600.0 K, structural=600.0 K.
Analyzing lattice description and building lattice data structure with pin models based on the geometry description ...
Created : Pin with fuel material 24UOX subdivided into radial zones with radii [0.4435, 0.452, 0.514] based on self-shielding option default.
Creating MaterialMixture for '24UOX_zone_1' with base material '24UOX' and mix index 1...
Creating MaterialMixture for '24UOX_zone_2' with base material '24UOX' and mix index 2...
Creating MaterialMixture for '24UOX_zone_3' with base material '24UOX' and mix index 3...
Creating MaterialMixture for '24UOX_zone_4' with base material '24UOX' and mix index 4...
[by_material] Created 4 fuel material mixtures for 1 unique fuel materials.
[apply_mix_numbering] Switched from None to by_material.
[enforce_tdt] Updated 4 fuel mixture indices from TDT file.
[enforce_tdt] Also stored 3 non-fuel mixture indices: {'COOLANT': 1, 'CLAD': 2, 'GAP': 3}
[enforce_tdt] Stored TDT indices for step 'SSH' in mix state history.
[identify_mixes] Found 1 generating mixes and 3 daughter mixes.
[SSH Step] Applied TDT indices for step 'SSH'. 
These indices define the initial LIB numbering.
Generating MIX procedure 'MIX' with LIB: ...
[LIB] Setting self-shielded fuel isotopes to: ['U235', 'U238', 'U234']
[LIB] Wrote procedure to /home/loutre/PHDCODE/glow_env/glow/glow_data/starterDD_outputs/AT10/AT10_24UOX/1L_scheme/MIX.c2m
[enforce_tdt] Updated 4 fuel mixture indices from TDT file.
[enforce_tdt] Also stored 3 non-fuel mixture indices: {'COOLANT': 1, 'CLAD': 2, 'GAP': 3}
[enforce_tdt] Stored TDT indices for step 'FLUXL1' in mix state history.
[identify_mixes] Found 1 generating mixes and 3 daughter mixes.
[MIXEQ] No strategy transitions detected - no MIXEQ procedures generated
[TRK] Wrote procedure to /home/loutre/PHDCODE/glow_env/glow/glow_data/starterDD_outputs/AT10/AT10_24UOX/1L_scheme/TRK.c2m
[EDI_COMPO] Wrote procedure to /home/loutre/PHDCODE/glow_env/glow/glow_data/starterDD_outputs/AT10/AT10_24UOX/1L_scheme/EDIR.c2m
[x2m] Wrote /home/loutre/PHDCODE/glow_env/glow/glow_data/starterDD_outputs/AT10/AT10_24UOX/1L_scheme/AT10_24UOX.x2m
Running Dragon... This may take a few moments.
Using Dragon executable: /home/loutre/PHDCODE/5.1/Dragon/bin/Linux_x86_64/Dragon
Draglibs path used: /home/loutre/PHDCODE/libraries/l_endian/draglibendfb8r1SHEM295_v5p1
Dragon run completed.
Success: True
keff:    1.234137
Time:    32.5s
Results: /home/loutre/PHDCODE/glow_env/glow/glow_data/ATRIUM10_cases/pincells/results/AT10_24UOX/PT_CP_1L_MOC/2026-04-06T18-51-05
Serpent2 reference keff for endfb8r1: 1.23734
Delta keff (pcm): -320.30 pcm
[set_uniform_temperatures] Setting uniform temperatures: fuel=900.0 K, gap=600.0 K, coolant=600.0 K, moderator=600.0 K, structural=600.0 K.
[set_uniform_temperatures] Setting uniform temperatures: fuel=900.0 K, gap=600.0 K, coolant=600.0 K, moderator=600.0 K, structural=600.0 K.
Analyzing lattice description and building lattice data structure with pin models based on the geometry description ...
Created : Pin with fuel material 24UOX subdivided into radial zones with radii [0.4435, 0.452, 0.514] based on self-shielding option default.
Creating MaterialMixture for '24UOX_zone_1' with base material '24UOX' and mix index 1...
Creating MaterialMixture for '24UOX_zone_2' with base material '24UOX' and mix index 2...
Creating MaterialMixture for '24UOX_zone_3' with base material '24UOX' and mix index 3...
Creating MaterialMixture for '24UOX_zone_4' with base material '24UOX' and mix index 4...
[by_material] Created 4 fuel material mixtures for 1 unique fuel materials.
[apply_mix_numbering] Switched from None to by_material.
[enforce_tdt] Updated 4 fuel mixture indices from TDT file.
[enforce_tdt] Also stored 3 non-fuel mixture indices: {'COOLANT': 1, 'CLAD': 2, 'GAP': 3}
[enforce_tdt] Stored TDT indices for step 'SSH' in mix state history.
[identify_mixes] Found 1 generating mixes and 3 daughter mixes.
[SSH Step] Applied TDT indices for step 'SSH'. 
These indices define the initial LIB numbering.
Generating MIX procedure 'MIX' with LIB: ...
[LIB] Setting self-shielded fuel isotopes to: ['U235', 'U238', 'U234']
[LIB] Wrote procedure to /home/loutre/PHDCODE/glow_env/glow/glow_data/starterDD_outputs/AT10/AT10_24UOX/1L_scheme/MIX.c2m
[enforce_tdt] Updated 4 fuel mixture indices from TDT file.
[enforce_tdt] Also stored 3 non-fuel mixture indices: {'COOLANT': 1, 'CLAD': 2, 'GAP': 3}
[enforce_tdt] Stored TDT indices for step 'FLUXL1' in mix state history.
[identify_mixes] Found 1 generating mixes and 3 daughter mixes.
[MIXEQ] No strategy transitions detected - no MIXEQ procedures generated
[TRK] Wrote procedure to /home/loutre/PHDCODE/glow_env/glow/glow_data/starterDD_outputs/AT10/AT10_24UOX/1L_scheme/TRK.c2m
[EDI_COMPO] Wrote procedure to /home/loutre/PHDCODE/glow_env/glow/glow_data/starterDD_outputs/AT10/AT10_24UOX/1L_scheme/EDIR.c2m
[x2m] Wrote /home/loutre/PHDCODE/glow_env/glow/glow_data/starterDD_outputs/AT10/AT10_24UOX/1L_scheme/AT10_24UOX.x2m
Running Dragon... This may take a few moments.
Using Dragon executable: /home/loutre/PHDCODE/5.1/Dragon/bin/Linux_x86_64/Dragon
Draglibs path used: /home/loutre/PHDCODE/libraries/l_endian/draglibendfb8r1SHEM295_v5p1
Dragon run completed.
Success: True
keff:    1.234012
Time:    25.8s
Results: /home/loutre/PHDCODE/glow_env/glow/glow_data/ATRIUM10_cases/pincells/results/AT10_24UOX/PT_CP_1L_MOC/2026-04-06T18-51-37
Serpent2 reference keff for endfb8r1: 1.23734
Delta keff (pcm): -332.80 pcm
[set_uniform_temperatures] Setting uniform temperatures: fuel=900.0 K, gap=600.0 K, coolant=600.0 K, moderator=600.0 K, structural=600.0 K.
[set_uniform_temperatures] Setting uniform temperatures: fuel=900.0 K, gap=600.0 K, coolant=600.0 K, moderator=600.0 K, structural=600.0 K.
Analyzing lattice description and building lattice data structure with pin models based on the geometry description ...
Created : Pin with fuel material 24UOX subdivided into radial zones with radii [0.4435, 0.452, 0.514] based on self-shielding option default.
Creating MaterialMixture for '24UOX_zone_1' with base material '24UOX' and mix index 1...
Creating MaterialMixture for '24UOX_zone_2' with base material '24UOX' and mix index 2...
Creating MaterialMixture for '24UOX_zone_3' with base material '24UOX' and mix index 3...
Creating MaterialMixture for '24UOX_zone_4' with base material '24UOX' and mix index 4...
[by_material] Created 4 fuel material mixtures for 1 unique fuel materials.
[apply_mix_numbering] Switched from None to by_material.
[enforce_tdt] Updated 4 fuel mixture indices from TDT file.
[enforce_tdt] Also stored 3 non-fuel mixture indices: {'COOLANT': 1, 'CLAD': 2, 'GAP': 3}
[enforce_tdt] Stored TDT indices for step 'SSH' in mix state history.
[identify_mixes] Found 1 generating mixes and 3 daughter mixes.
[SSH Step] Applied TDT indices for step 'SSH'. 
These indices define the initial LIB numbering.
Generating MIX procedure 'MIX' with LIB: ...
[LIB] Setting self-shielded fuel isotopes to: ['U235', 'U238', 'U234']
[LIB] Wrote procedure to /home/loutre/PHDCODE/glow_env/glow/glow_data/starterDD_outputs/AT10/AT10_24UOX/1L_scheme/MIX.c2m
[enforce_tdt] Updated 4 fuel mixture indices from TDT file.
[enforce_tdt] Also stored 3 non-fuel mixture indices: {'COOLANT': 1, 'CLAD': 2, 'GAP': 3}
[enforce_tdt] Stored TDT indices for step 'FLUXL1' in mix state history.
[identify_mixes] Found 1 generating mixes and 3 daughter mixes.
[MIXEQ] No strategy transitions detected - no MIXEQ procedures generated
[TRK] Wrote procedure to /home/loutre/PHDCODE/glow_env/glow/glow_data/starterDD_outputs/AT10/AT10_24UOX/1L_scheme/TRK.c2m
[EDI_COMPO] Wrote procedure to /home/loutre/PHDCODE/glow_env/glow/glow_data/starterDD_outputs/AT10/AT10_24UOX/1L_scheme/EDIR.c2m
[x2m] Wrote /home/loutre/PHDCODE/glow_env/glow/glow_data/starterDD_outputs/AT10/AT10_24UOX/1L_scheme/AT10_24UOX.x2m
Running Dragon... This may take a few moments.
Using Dragon executable: /home/loutre/PHDCODE/5.1/Dragon/bin/Linux_x86_64/Dragon
Draglibs path used: /home/loutre/PHDCODE/libraries/l_endian/draglibendfb8r1SHEM295_v5p1
Dragon run completed.
Success: True
keff:    1.234137
Time:    33.4s
Results: /home/loutre/PHDCODE/glow_env/glow/glow_data/ATRIUM10_cases/pincells/results/AT10_24UOX/PT_CP_1L_MOC/2026-04-06T18-52-03
Serpent2 reference keff for endfb8r1: 1.23734
Delta keff (pcm): -320.30 pcm

============================================================
  DRAGON RESULTS SUMMARY (delta keff in pcm relative to Serpent2 reference)
============================================================
  PT_CP_TSPC_1L_MOC_TSPC_ANIS1: keff = 1.236798, delta = -54.20 pcm
  PT_CP_TSPC_1L_MOC_TSPC_ANIS2: keff = 1.236357, delta = -98.30 pcm
  PT_CP_TSPC_1L_MOC_TSPC_ANIS2_CTRA: keff = 1.236525, delta = -81.50 pcm
  PT_CP_TSPC_1L_MOC_TSPC_ANIS4: keff = 1.236749, delta = -59.10 pcm
  PT_CP_TSPC_1L_MOC_TISO_ANIS1: keff = 1.234690, delta = -265.00 pcm
  PT_CP_TSPC_1L_MOC_TISO_ANIS2: keff = 1.234250, delta = -309.00 pcm
  PT_CP_TSPC_1L_MOC_TISO_ANIS2_CTRA: keff = 1.234418, delta = -292.20 pcm
  PT_CP_TSPC_1L_MOC_TISO_ANIS4: keff = 1.234550, delta = -279.00 pcm
  PT_CP_TISO_1L_MOC_TSPC_ANIS1: keff = 1.236383, delta = -95.70 pcm
  PT_CP_TISO_1L_MOC_TSPC_ANIS2: keff = 1.235941, delta = -139.90 pcm
  PT_CP_TISO_1L_MOC_TSPC_ANIS2_CTRA: keff = 1.236116, delta = -122.40 pcm
  PT_CP_TISO_1L_MOC_TSPC_ANIS4: keff = 1.236333, delta = -100.70 pcm
  PT_CP_TISO_1L_MOC_TISO_ANIS1: keff = 1.234278, delta = -306.20 pcm
  PT_CP_TISO_1L_MOC_TISO_ANIS2: keff = 1.234137, delta = -320.30 pcm
  PT_CP_TISO_1L_MOC_TISO_ANIS2_CTRA: keff = 1.234012, delta = -332.80 pcm
  PT_CP_TISO_1L_MOC_TISO_ANIS4: keff = 1.234137, delta = -320.30 pcm
============================================================

Results summary saved to: results/results_summary_AT10_24UOX_endfb8r1.csv
